Archive member included because of file (symbol)

C:\Users\aluno\Desktop\workspace\CMSISv1p30_LPC17xx\Debug\libCMSISv1p30_LPC17xx.a(system_LPC17xx.o)
                              ./cr_startup_lpc17.o (SystemInit)
C:\Users\aluno\Desktop\workspace\FreeRTOS_Library\Debug\libFreeRTOS_Library.a(port.o)
                              ./cr_startup_lpc17.o (vPortSVCHandler)
C:\Users\aluno\Desktop\workspace\FreeRTOS_Library\Debug\libFreeRTOS_Library.a(basic_io.o)
                              ./main.o (vPrintString)
C:\Users\aluno\Desktop\workspace\FreeRTOS_Library\Debug\libFreeRTOS_Library.a(consoleprint.o)
                              C:\Users\aluno\Desktop\workspace\FreeRTOS_Library\Debug\libFreeRTOS_Library.a(basic_io.o) (consoleprint)
C:\Users\aluno\Desktop\workspace\FreeRTOS_Library\Debug\libFreeRTOS_Library.a(queue.o)
                              ./main.o (xQueueCreate)
C:\Users\aluno\Desktop\workspace\FreeRTOS_Library\Debug\libFreeRTOS_Library.a(tasks.o)
                              ./main.o (xTaskGenericCreate)
C:\Users\aluno\Desktop\workspace\FreeRTOS_Library\Debug\libFreeRTOS_Library.a(heap_2.o)
                              C:\Users\aluno\Desktop\workspace\FreeRTOS_Library\Debug\libFreeRTOS_Library.a(queue.o) (pvPortMalloc)
C:\Users\aluno\Desktop\workspace\FreeRTOS_Library\Debug\libFreeRTOS_Library.a(list.o)
                              C:\Users\aluno\Desktop\workspace\FreeRTOS_Library\Debug\libFreeRTOS_Library.a(queue.o) (vListInitialise)
C:\Users\aluno\Desktop\workspace\Lib_EaBaseBoard\Debug\libLib_EaBaseBoard.a(led7seg.o)
                              ./sensor.o (led7seg_setChar)
C:\Users\aluno\Desktop\workspace\Lib_EaBaseBoard\Debug\libLib_EaBaseBoard.a(light.o)
                              ./main.o (light_init)
C:\Users\aluno\Desktop\workspace\Lib_EaBaseBoard\Debug\libLib_EaBaseBoard.a(oled.o)
                              ./main.o (oled_init)
C:\Users\aluno\Desktop\workspace\Lib_EaBaseBoard\Debug\libLib_EaBaseBoard.a(rgb.o)
                              ./sensor.o (rgb_setLeds)
C:\Users\aluno\Desktop\workspace\Lib_EaBaseBoard\Debug\libLib_EaBaseBoard.a(font5x7.o)
                              C:\Users\aluno\Desktop\workspace\Lib_EaBaseBoard\Debug\libLib_EaBaseBoard.a(oled.o) (font5x7)
C:\Users\aluno\Desktop\workspace\Lib_MCU\Debug\libLib_MCU.a(lpc17xx_gpio.o)
                              C:\Users\aluno\Desktop\workspace\Lib_EaBaseBoard\Debug\libLib_EaBaseBoard.a(led7seg.o) (GPIO_SetDir)
C:\Users\aluno\Desktop\workspace\Lib_MCU\Debug\libLib_MCU.a(lpc17xx_i2c.o)
                              ./sensor.o (I2C_Init)
C:\Users\aluno\Desktop\workspace\Lib_MCU\Debug\libLib_MCU.a(lpc17xx_libcfg_default.o)
                              C:\Users\aluno\Desktop\workspace\Lib_MCU\Debug\libLib_MCU.a(lpc17xx_i2c.o) (check_failed)
C:\Users\aluno\Desktop\workspace\Lib_MCU\Debug\libLib_MCU.a(lpc17xx_pinsel.o)
                              ./main.o (PINSEL_ConfigPin)
C:\Users\aluno\Desktop\workspace\Lib_MCU\Debug\libLib_MCU.a(lpc17xx_ssp.o)
                              ./main.o (SSP_Init)
C:\Users\aluno\Desktop\workspace\Lib_MCU\Debug\libLib_MCU.a(lpc17xx_timer.o)
                              ./sensor.o (TIM_GetIntStatus)
C:\Users\aluno\Desktop\workspace\Lib_MCU\Debug\libLib_MCU.a(lpc17xx_clkpwr.o)
                              C:\Users\aluno\Desktop\workspace\Lib_MCU\Debug\libLib_MCU.a(lpc17xx_i2c.o) (CLKPWR_SetPCLKDiv)
c:/nxp/lpcxpresso_5.2.6_2137/lpcxpresso/tools/bin/../lib/gcc/arm-none-eabi/4.6.2/../../../../arm-none-eabi/lib/armv7-m\libcr_semihost.a(__sys_write.o)
                              C:\Users\aluno\Desktop\workspace\FreeRTOS_Library\Debug\libFreeRTOS_Library.a(consoleprint.o) (__write)
c:/nxp/lpcxpresso_5.2.6_2137/lpcxpresso/tools/bin/../lib/gcc/arm-none-eabi/4.6.2/../../../../arm-none-eabi/lib/armv7-m\libcr_semihost.a(_cr__main.o)
                              ./cr_startup_lpc17.o (__main)
c:/nxp/lpcxpresso_5.2.6_2137/lpcxpresso/tools/bin/../lib/gcc/arm-none-eabi/4.6.2/../../../../arm-none-eabi/lib/armv7-m\libcr_c.a(memcpy.o)
                              C:\Users\aluno\Desktop\workspace\FreeRTOS_Library\Debug\libFreeRTOS_Library.a(queue.o) (memcpy)
c:/nxp/lpcxpresso_5.2.6_2137/lpcxpresso/tools/bin/../lib/gcc/arm-none-eabi/4.6.2/../../../../arm-none-eabi/lib/armv7-m\libcr_c.a(memset.o)
                              C:\Users\aluno\Desktop\workspace\FreeRTOS_Library\Debug\libFreeRTOS_Library.a(tasks.o) (memset)
c:/nxp/lpcxpresso_5.2.6_2137/lpcxpresso/tools/bin/../lib/gcc/arm-none-eabi/4.6.2/../../../../arm-none-eabi/lib/armv7-m\libcr_c.a(fpprintf.o)
                              C:\Users\aluno\Desktop\workspace\FreeRTOS_Library\Debug\libFreeRTOS_Library.a(basic_io.o) (sprintf)
c:/nxp/lpcxpresso_5.2.6_2137/lpcxpresso/tools/bin/../lib/gcc/arm-none-eabi/4.6.2/../../../../arm-none-eabi/lib/armv7-m\libcr_c.a(initio.o)
[...]
Memory Configuration

Name             Origin             Length             Attributes
MFlash512        0x00000000         0x00080000         xr
RamLoc32         0x10000000         0x00008000         xrw
RamAHB32         0x2007c000         0x00008000         xrw
*default*        0x00000000         0xffffffff

Linker script and memory map

LOAD ./cr_startup_lpc17.o
LOAD ./main.o
LOAD ./sensor.o
LOAD C:\Users\aluno\Desktop\workspace\CMSISv1p30_LPC17xx\Debug\libCMSISv1p30_LPC17xx.a
LOAD C:\Users\aluno\Desktop\workspace\FreeRTOS_Library\Debug\libFreeRTOS_Library.a
LOAD C:\Users\aluno\Desktop\workspace\Lib_CMSISv1p30_LPC17xx\Debug\libLib_CMSISv1p30_LPC17xx.a
LOAD C:\Users\aluno\Desktop\workspace\Lib_EaBaseBoard\Debug\libLib_EaBaseBoard.a
LOAD C:\Users\aluno\Desktop\workspace\Lib_MCU\Debug\libLib_MCU.a
START GROUP
LOAD c:/nxp/lpcxpresso_5.2.6_2137/lpcxpresso/tools/bin/../lib/gcc/arm-none-eabi/4.6.2/../../../../arm-none-eabi/lib/armv7-m\libcr_semihost.a
LOAD c:/nxp/lpcxpresso_5.2.6_2137/lpcxpresso/tools/bin/../lib/gcc/arm-none-eabi/4.6.2/../../../../arm-none-eabi/lib/armv7-m\libcr_c.a
LOAD c:/nxp/lpcxpresso_5.2.6_2137/lpcxpresso/tools/bin/../lib/gcc/arm-none-eabi/4.6.2/armv7-m\libcr_eabihelpers.a
END GROUP
                0x00080000                __top_MFlash512 = 0x80000
                0x10008000                __top_RamLoc32 = 0x10008000
                0x20084000                __top_RamAHB32 = 0x20084000

.text           0x00000000     0x7bc8
 FILL mask 0xff
                0x00000000                __vectors_start__ = ABSOLUTE (.)
 *(.isr_vector)
 .isr_vector    0x00000000       0xcc ./cr_startup_lpc17.o
                0x00000000                g_pfnVectors
                0x000000cc                . = ALIGN (0x4)
                0x000000cc                __section_table_start = .
                0x000000cc                __data_section_table = .
                0x000000cc        0x4 LONG 0x7bc8 LOADADDR (.data)
                0x000000d0        0x4 LONG 0x10000000 ADDR (.data)
                0x000000d4        0x4 LONG 0x6c SIZEOF (.data)
                0x000000d8        0x4 LONG 0x7bc8 LOADADDR (.data_RAM2)
                0x000000dc        0x4 LONG 0x2007c000 ADDR (.data_RAM2)
                0x000000e0        0x4 LONG 0x0 SIZEOF (.data_RAM2)
                0x000000e4                __data_section_table_end = .
                0x000000e4                __bss_section_table = .
                0x000000e4        0x4 LONG 0x10000070 ADDR (.bss)
                0x000000e8        0x4 LONG 0x2dec SIZEOF (.bss)
                0x000000ec        0x4 LONG 0x2007c000 ADDR (.bss_RAM2)
                0x000000f0        0x4 LONG 0x0 SIZEOF (.bss_RAM2)
                0x000000f4                __bss_section_table_end = .
                0x000000f4                __section_table_end = .
 *(.after_vectors*)
 *(.text*)
 .text.ResetISR
                0x000000f4       0x68 ./cr_startup_lpc17.o
                0x000000f4                ResetISR
 .text.NMI_Handler
                0x0000015c        0x8 ./cr_startup_lpc17.o
                0x0000015c                NMI_Handler
 .text.HardFault_Handler
                0x00000164        0x8 ./cr_startup_lpc17.o
                0x00000164                HardFault_Handler
 .text.MemManage_Handler
                0x0000016c        0x8 ./cr_startup_lpc17.o
                0x0000016c                MemManage_Handler
 .text.BusFault_Handler
                0x00000174        0x8 ./cr_startup_lpc17.o
                0x00000174                BusFault_Handler
 .text.UsageFault_Handler
                0x0000017c        0x8 ./cr_startup_lpc17.o
                0x0000017c                UsageFault_Handler
 .text.DebugMon_Handler
                0x00000184        0x8 ./cr_startup_lpc17.o
                0x00000184                DebugMon_Handler
 .text.IntDefaultHandler
                0x0000018c        0x8 ./cr_startup_lpc17.o
                0x0000018c                TIMER2_IRQHandler
                0x0000018c                RIT_IRQHandler
                0x0000018c                I2C0_IRQHandler
                0x0000018c                USBActivity_IRQHandler
                0x0000018c                PWM1_IRQHandler
                0x0000018c                I2C1_IRQHandler
                0x0000018c                EINT2_IRQHandler
                0x0000018c                UART1_IRQHandler
                0x0000018c                EINT3_IRQHandler
                0x0000018c                CANActivity_IRQHandler
                0x0000018c                TIMER3_IRQHandler
                0x0000018c                UART0_IRQHandler
                0x0000018c                IntDefaultHandler
                0x0000018c                PLL0_IRQHandler
                0x0000018c                CAN_IRQHandler
                0x0000018c                PLL1_IRQHandler
                0x0000018c                SSP0_IRQHandler
                0x0000018c                I2S_IRQHandler
                0x0000018c                I2C2_IRQHandler
                0x0000018c                RTC_IRQHandler
                0x0000018c                SPI_IRQHandler
                0x0000018c                EINT1_IRQHandler
                0x0000018c                TIMER1_IRQHandler
                0x0000018c                UART2_IRQHandler
                0x0000018c                ADC_IRQHandler
                0x0000018c                SSP1_IRQHandler
                0x0000018c                USB_IRQHandler
                0x0000018c                BOD_IRQHandler
                0x0000018c                WDT_IRQHandler
                0x0000018c                QEI_IRQHandler
                0x0000018c                EINT0_IRQHandler
                0x0000018c                DMA_IRQHandler
                0x0000018c                UART3_IRQHandler
                0x0000018c                MCPWM_IRQHandler
                0x0000018c                ENET_IRQHandler
 .text.init_ssp
                0x00000194       0x98 ./main.o
 .text.main     0x0000022c       0x9c ./main.o
                0x0000022c                main
 .text.intToString
                0x000002c8       0xdc ./main.o
 .text.vSenderTask
                0x000003a4       0x64 ./main.o
 .text.vReceiverTask
                0x00000408       0xe4 ./main.o
 .text.vApplicationMallocFailedHook
                0x000004ec        0x8 ./main.o
                0x000004ec                vApplicationMallocFailedHook
 .text.vApplicationStackOverflowHook
                0x000004f4        0xc ./main.o
                0x000004f4                vApplicationStackOverflowHook
 .text.vApplicationIdleHook
                0x00000500        0xc ./main.o
                0x00000500                vApplicationIdleHook
 .text.vApplicationTickHook
                0x0000050c        0xc ./main.o
                0x0000050c                vApplicationTickHook
 .text.NVIC_DisableIRQ
                0x00000518       0x3c ./sensor.o
 .text.SensorLuz_new
                0x00000554        0xc ./sensor.o
                0x00000554                SensorLuz_new
 .text.SensorLuz_read
                0x00000560       0x24 ./sensor.o
                0x00000560                SensorLuz_read
 .text.Sensor_init_i2c
                0x00000584       0x5c ./sensor.o
 .text.TIMER0_IRQHandler
                0x000005e0       0x44 ./sensor.o
                0x000005e0                TIMER0_IRQHandler
 .text.change7Seg
                0x00000624       0x7c ./sensor.o
 .text.SystemInit
                0x000006a0      0x22c C:\Users\aluno\Desktop\workspace\CMSISv1p30_LPC17xx\Debug\libCMSISv1p30_LPC17xx.a(system_LPC17xx.o)
                0x000006a0                SystemInit
 .text          0x000008cc      0x154 C:\Users\aluno\Desktop\workspace\FreeRTOS_Library\Debug\libFreeRTOS_Library.a(port.o)
                0x000008cc                pxPortInitialiseStack
                0x000008ec                vPortSVCHandler
                0x0000090c                vPortStartFirstTask
                0x0000091c                xPortStartScheduler
                0x0000096c                vPortEndScheduler
                0x00000970                vPortYieldFromISR
                0x00000980                vPortEnterCritical
                0x0000099c                vPortExitCritical
                0x000009b8                xPortPendSVHandler
                0x000009f4                xPortSysTickHandler
 .text          0x00000a20       0x54 C:\Users\aluno\Desktop\workspace\FreeRTOS_Library\Debug\libFreeRTOS_Library.a(basic_io.o)
                0x00000a20                vPrintString
                0x00000a44                vPrintStringAndNumber
 .text          0x00000a74       0x18 C:\Users\aluno\Desktop\workspace\FreeRTOS_Library\Debug\libFreeRTOS_Library.a(consoleprint.o)
                0x00000a74                consoleprint
 .text          0x00000a8c      0x4e4 C:\Users\aluno\Desktop\workspace\FreeRTOS_Library\Debug\libFreeRTOS_Library.a(queue.o)
                0x00000b94                xQueueCreate
                0x00000c00                xQueueCreateCountingSemaphore
                0x00000c14                xQueueGenericSend
                0x00000cf8                xQueueCreateMutex
                0x00000d44                xQueueGenericSendFromISR
                0x00000da8                xQueueGenericReceive
                0x00000ec0                xQueueReceiveFromISR
                0x00000f28                uxQueueMessagesWaiting
                0x00000f3c                uxQueueMessagesWaitingFromISR
                0x00000f40                vQueueDelete
                0x00000f54                xQueueIsQueueEmptyFromISR
                0x00000f60                xQueueIsQueueFullFromISR
 .text          0x00000f70      0xca4 C:\Users\aluno\Desktop\workspace\FreeRTOS_Library\Debug\libFreeRTOS_Library.a(tasks.o)
                0x00000f70                xTaskGenericCreate
                0x00001170                vTaskDelete
                0x000011f0                uxTaskPriorityGet
                0x00001210                vTaskPrioritySet
                0x000012c4                xTaskIsTaskSuspended
                0x000012f0                vTaskResume
                0x0000136c                xTaskResumeFromISR
                0x000013e8                vTaskStartScheduler
                0x0000143c                vTaskEndScheduler
                0x0000145c                vTaskSuspendAll
                0x00001474                xTaskGetTickCount
                0x00001490                xTaskGetTickCountFromISR
                0x000014a0                uxTaskGetNumberOfTasks
                0x000014ac                vTaskIncrementTick
                0x0000158c                xTaskResumeAll
                0x00001708                vTaskDelay
                0x00001760                vTaskDelayUntil
                0x000017fc                vTaskSwitchContext
                0x000018f8                vTaskSuspend
                0x00001984                vTaskPlaceOnEventList
                0x000019f0                xTaskRemoveFromEventList
                0x00001a7c                vTaskSetTimeOutState
                0x00001a94                xTaskCheckForTimeOut
                0x00001b14                vTaskMissedYield
                0x00001b28                xTaskGetCurrentTaskHandle
                0x00001b34                vTaskPriorityInherit
                0x00001bc0                vTaskPriorityDisinherit
 .text          0x00001c14      0x140 C:\Users\aluno\Desktop\workspace\FreeRTOS_Library\Debug\libFreeRTOS_Library.a(heap_2.o)
                0x00001c14                pvPortMalloc
                0x00001d00                vPortFree
                0x00001d44                xPortGetFreeHeapSize
                0x00001d50                vPortInitialiseBlocks
 .text          0x00001d54       0xa4 C:\Users\aluno\Desktop\workspace\FreeRTOS_Library\Debug\libFreeRTOS_Library.a(list.o)
                0x00001d54                vListInitialise
                0x00001d6c                vListInitialiseItem
                0x00001d74                vListInsertEnd
                0x00001d94                vListInsert
                0x00001dd0                vListRemove
 .text.led7seg_setChar
                0x00001df8       0x88 C:\Users\aluno\Desktop\workspace\Lib_EaBaseBoard\Debug\libLib_EaBaseBoard.a(led7seg.o)
                0x00001df8                led7seg_setChar
 .text.I2CRead  0x00001e80       0x5c C:\Users\aluno\Desktop\workspace\Lib_EaBaseBoard\Debug\libLib_EaBaseBoard.a(light.o)
 .text.I2CWrite
                0x00001edc       0x5c C:\Users\aluno\Desktop\workspace\Lib_EaBaseBoard\Debug\libLib_EaBaseBoard.a(light.o)
 .text.readControlReg
                0x00001f38       0x3c C:\Users\aluno\Desktop\workspace\Lib_EaBaseBoard\Debug\libLib_EaBaseBoard.a(light.o)
 .text.light_init
                0x00001f74        0xc C:\Users\aluno\Desktop\workspace\Lib_EaBaseBoard\Debug\libLib_EaBaseBoard.a(light.o)
                0x00001f74                light_init
 .text.light_enable
                0x00001f80       0x48 C:\Users\aluno\Desktop\workspace\Lib_EaBaseBoard\Debug\libLib_EaBaseBoard.a(light.o)
                0x00001f80                light_enable
 .text.light_read
                0x00001fc8       0x90 C:\Users\aluno\Desktop\workspace\Lib_EaBaseBoard\Debug\libLib_EaBaseBoard.a(light.o)
                0x00001fc8                light_read
 .text.light_setRange
                0x00002058       0xac C:\Users\aluno\Desktop\workspace\Lib_EaBaseBoard\Debug\libLib_EaBaseBoard.a(light.o)
                0x00002058                light_setRange
 .text.writeCommand
                0x00002104       0x60 C:\Users\aluno\Desktop\workspace\Lib_EaBaseBoard\Debug\libLib_EaBaseBoard.a(oled.o)
 .text.writeData
                0x00002164       0x60 C:\Users\aluno\Desktop\workspace\Lib_EaBaseBoard\Debug\libLib_EaBaseBoard.a(oled.o)
 .text.writeDataLen
                0x000021c4       0x8c C:\Users\aluno\Desktop\workspace\Lib_EaBaseBoard\Debug\libLib_EaBaseBoard.a(oled.o)
 .text.runInitSequence
                0x00002250      0x118 C:\Users\aluno\Desktop\workspace\Lib_EaBaseBoard\Debug\libLib_EaBaseBoard.a(oled.o)
 .text.hLine    0x00002368       0x4c C:\Users\aluno\Desktop\workspace\Lib_EaBaseBoard\Debug\libLib_EaBaseBoard.a(oled.o)
 .text.vLine    0x000023b4       0x4c C:\Users\aluno\Desktop\workspace\Lib_EaBaseBoard\Debug\libLib_EaBaseBoard.a(oled.o)
 .text.oled_init
                0x00002400       0x9c C:\Users\aluno\Desktop\workspace\Lib_EaBaseBoard\Debug\libLib_EaBaseBoard.a(oled.o)
                0x00002400                oled_init
 .text.oled_putPixel
                0x0000249c      0x188 C:\Users\aluno\Desktop\workspace\Lib_EaBaseBoard\Debug\libLib_EaBaseBoard.a(oled.o)
                0x0000249c                oled_putPixel
 .text.oled_fillRect
                0x00002624       0x90 C:\Users\aluno\Desktop\workspace\Lib_EaBaseBoard\Debug\libLib_EaBaseBoard.a(oled.o)
                0x00002624                oled_fillRect
 .text.oled_clearScreen
                0x000026b4       0x74 C:\Users\aluno\Desktop\workspace\Lib_EaBaseBoard\Debug\libLib_EaBaseBoard.a(oled.o)
                0x000026b4                oled_clearScreen
 .text.oled_putChar
                0x00002728       0xf0 C:\Users\aluno\Desktop\workspace\Lib_EaBaseBoard\Debug\libLib_EaBaseBoard.a(oled.o)
                0x00002728                oled_putChar
 .text.oled_putString
                0x00002818       0x54 C:\Users\aluno\Desktop\workspace\Lib_EaBaseBoard\Debug\libLib_EaBaseBoard.a(oled.o)
                0x00002818                oled_putString
 .text.rgb_setLeds
                0x0000286c       0x80 C:\Users\aluno\Desktop\workspace\Lib_EaBaseBoard\Debug\libLib_EaBaseBoard.a(rgb.o)
                0x0000286c                rgb_setLeds
 .text.GPIO_GetPointer
                0x000028ec       0x7c C:\Users\aluno\Desktop\workspace\Lib_MCU\Debug\libLib_MCU.a(lpc17xx_gpio.o)
 .text.GPIO_SetDir
                0x00002968       0x54 C:\Users\aluno\Desktop\workspace\Lib_MCU\Debug\libLib_MCU.a(lpc17xx_gpio.o)
                0x00002968                GPIO_SetDir
 .text.GPIO_SetValue
                0x000029bc       0x2c C:\Users\aluno\Desktop\workspace\Lib_MCU\Debug\libLib_MCU.a(lpc17xx_gpio.o)
                0x000029bc                GPIO_SetValue
 .text.GPIO_ClearValue
                0x000029e8       0x2c C:\Users\aluno\Desktop\workspace\Lib_MCU\Debug\libLib_MCU.a(lpc17xx_gpio.o)
                0x000029e8                GPIO_ClearValue
 .text.NVIC_EnableIRQ
                0x00002a14       0x38 C:\Users\aluno\Desktop\workspace\Lib_MCU\Debug\libLib_MCU.a(lpc17xx_i2c.o)
 .text.NVIC_DisableIRQ
                0x00002a4c       0x3c C:\Users\aluno\Desktop\workspace\Lib_MCU\Debug\libLib_MCU.a(lpc17xx_i2c.o)
 .text.I2C_getNum
                0x00002a88       0x54 C:\Users\aluno\Desktop\workspace\Lib_MCU\Debug\libLib_MCU.a(lpc17xx_i2c.o)
 .text.I2C_Start
                0x00002adc       0x44 C:\Users\aluno\Desktop\workspace\Lib_MCU\Debug\libLib_MCU.a(lpc17xx_i2c.o)
 .text.I2C_Stop
                0x00002b20       0x38 C:\Users\aluno\Desktop\workspace\Lib_MCU\Debug\libLib_MCU.a(lpc17xx_i2c.o)
 .text.I2C_SendByte
                0x00002b58       0x50 C:\Users\aluno\Desktop\workspace\Lib_MCU\Debug\libLib_MCU.a(lpc17xx_i2c.o)
 .text.I2C_GetByte
                0x00002ba8       0x5c C:\Users\aluno\Desktop\workspace\Lib_MCU\Debug\libLib_MCU.a(lpc17xx_i2c.o)
 .text.I2C_IntCmd
                0x00002c04       0xa8 C:\Users\aluno\Desktop\workspace\Lib_MCU\Debug\libLib_MCU.a(lpc17xx_i2c.o)
                0x00002c04                I2C_IntCmd
 .text.I2C_MasterHandler
                0x00002cac      0x408 C:\Users\aluno\Desktop\workspace\Lib_MCU\Debug\libLib_MCU.a(lpc17xx_i2c.o)
                0x00002cac                I2C_MasterHandler
 .text.I2C_SetClock
                0x000030b4       0xc8 C:\Users\aluno\Desktop\workspace\Lib_MCU\Debug\libLib_MCU.a(lpc17xx_i2c.o)
                0x000030b4                I2C_SetClock
 .text.I2C_Init
                0x0000317c       0xd8 C:\Users\aluno\Desktop\workspace\Lib_MCU\Debug\libLib_MCU.a(lpc17xx_i2c.o)
                0x0000317c                I2C_Init
 .text.I2C_Cmd  0x00003254       0x84 C:\Users\aluno\Desktop\workspace\Lib_MCU\Debug\libLib_MCU.a(lpc17xx_i2c.o)
                0x00003254                I2C_Cmd
 .text.I2C_MasterTransferData
                0x000032d8      0x390 C:\Users\aluno\Desktop\workspace\Lib_MCU\Debug\libLib_MCU.a(lpc17xx_i2c.o)
                0x000032d8                I2C_MasterTransferData
 .text.check_failed
                0x00003668        0xc C:\Users\aluno\Desktop\workspace\Lib_MCU\Debug\libLib_MCU.a(lpc17xx_libcfg_default.o)
                0x00003668                check_failed
 .text.PINSEL_SetPinFunc
                0x00003674       0x9c C:\Users\aluno\Desktop\workspace\Lib_MCU\Debug\libLib_MCU.a(lpc17xx_pinsel.o)
                0x00003674                PINSEL_SetPinFunc
 .text.PINSEL_SetResistorMode
                0x00003710       0x9c C:\Users\aluno\Desktop\workspace\Lib_MCU\Debug\libLib_MCU.a(lpc17xx_pinsel.o)
                0x00003710                PINSEL_SetResistorMode
 .text.PINSEL_SetOpenDrainMode
                0x000037ac       0x7c C:\Users\aluno\Desktop\workspace\Lib_MCU\Debug\libLib_MCU.a(lpc17xx_pinsel.o)
                0x000037ac                PINSEL_SetOpenDrainMode
 .text.PINSEL_ConfigPin
                0x00003828       0x54 C:\Users\aluno\Desktop\workspace\Lib_MCU\Debug\libLib_MCU.a(lpc17xx_pinsel.o)
                0x00003828                PINSEL_ConfigPin
 .text.SSP_getNum
                0x0000387c       0x40 C:\Users\aluno\Desktop\workspace\Lib_MCU\Debug\libLib_MCU.a(lpc17xx_ssp.o)
 .text.SSP_IntHandler
                0x000038bc      0x338 C:\Users\aluno\Desktop\workspace\Lib_MCU\Debug\libLib_MCU.a(lpc17xx_ssp.o)
                0x000038bc                SSP_IntHandler
 .text.SSP_SetClock
                0x00003bf4       0xf8 C:\Users\aluno\Desktop\workspace\Lib_MCU\Debug\libLib_MCU.a(lpc17xx_ssp.o)
                0x00003bf4                SSP_SetClock
 .text.SSP_Init
                0x00003cec      0x10c C:\Users\aluno\Desktop\workspace\Lib_MCU\Debug\libLib_MCU.a(lpc17xx_ssp.o)
                0x00003cec                SSP_Init
 .text.SSP_ConfigStructInit
                0x00003df8       0x48 C:\Users\aluno\Desktop\workspace\Lib_MCU\Debug\libLib_MCU.a(lpc17xx_ssp.o)
                0x00003df8                SSP_ConfigStructInit
 .text.SSP_Cmd  0x00003e40       0x7c C:\Users\aluno\Desktop\workspace\Lib_MCU\Debug\libLib_MCU.a(lpc17xx_ssp.o)
                0x00003e40                SSP_Cmd
 .text.SSP_SendData
                0x00003ebc       0x48 C:\Users\aluno\Desktop\workspace\Lib_MCU\Debug\libLib_MCU.a(lpc17xx_ssp.o)
                0x00003ebc                SSP_SendData
 .text.SSP_ReceiveData
                0x00003f04       0x44 C:\Users\aluno\Desktop\workspace\Lib_MCU\Debug\libLib_MCU.a(lpc17xx_ssp.o)
                0x00003f04                SSP_ReceiveData
 .text.SSP_ReadWrite
                0x00003f48      0x440 C:\Users\aluno\Desktop\workspace\Lib_MCU\Debug\libLib_MCU.a(lpc17xx_ssp.o)
                0x00003f48                SSP_ReadWrite
 .text.TIM_GetPClock
                0x00004388       0x68 C:\Users\aluno\Desktop\workspace\Lib_MCU\Debug\libLib_MCU.a(lpc17xx_timer.o)
                0x00004388                TIM_GetPClock
 .text.TIM_ConverUSecToVal
                0x000043f0       0x64 C:\Users\aluno\Desktop\workspace\Lib_MCU\Debug\libLib_MCU.a(lpc17xx_timer.o)
                0x000043f0                TIM_ConverUSecToVal
 .text.TIM_ConverPtrToTimeNum
                0x00004454       0x6c C:\Users\aluno\Desktop\workspace\Lib_MCU\Debug\libLib_MCU.a(lpc17xx_timer.o)
                0x00004454                TIM_ConverPtrToTimeNum
 .text.TIM_GetIntStatus
                0x000044c0       0xb4 C:\Users\aluno\Desktop\workspace\Lib_MCU\Debug\libLib_MCU.a(lpc17xx_timer.o)
                0x000044c0                TIM_GetIntStatus
 .text.TIM_ClearIntPending
                0x00004574       0xa0 C:\Users\aluno\Desktop\workspace\Lib_MCU\Debug\libLib_MCU.a(lpc17xx_timer.o)
                0x00004574                TIM_ClearIntPending
 .text.TIM_Init
                0x00004614      0x1bc C:\Users\aluno\Desktop\workspace\Lib_MCU\Debug\libLib_MCU.a(lpc17xx_timer.o)
                0x00004614                TIM_Init
 .text.TIM_Cmd  0x000047d0       0x78 C:\Users\aluno\Desktop\workspace\Lib_MCU\Debug\libLib_MCU.a(lpc17xx_timer.o)
                0x000047d0                TIM_Cmd
 .text.TIM_ConfigMatch
                0x00004848      0x19c C:\Users\aluno\Desktop\workspace\Lib_MCU\Debug\libLib_MCU.a(lpc17xx_timer.o)
                0x00004848                TIM_ConfigMatch
 .text.Timer0_Wait
                0x000049e4       0x8c C:\Users\aluno\Desktop\workspace\Lib_MCU\Debug\libLib_MCU.a(lpc17xx_timer.o)
                0x000049e4                Timer0_Wait
 .text.CLKPWR_SetPCLKDiv
                0x00004a70       0xcc C:\Users\aluno\Desktop\workspace\Lib_MCU\Debug\libLib_MCU.a(lpc17xx_clkpwr.o)
                0x00004a70                CLKPWR_SetPCLKDiv
 .text.CLKPWR_GetPCLKSEL
                0x00004b3c       0x54 C:\Users\aluno\Desktop\workspace\Lib_MCU\Debug\libLib_MCU.a(lpc17xx_clkpwr.o)
                0x00004b3c                CLKPWR_GetPCLKSEL
 .text.CLKPWR_GetPCLK
                0x00004b90       0x74 C:\Users\aluno\Desktop\workspace\Lib_MCU\Debug\libLib_MCU.a(lpc17xx_clkpwr.o)
                0x00004b90                CLKPWR_GetPCLK
 .text.CLKPWR_ConfigPPWR
                0x00004c04       0x78 C:\Users\aluno\Desktop\workspace\Lib_MCU\Debug\libLib_MCU.a(lpc17xx_clkpwr.o)
                0x00004c04                CLKPWR_ConfigPPWR
 .text.__sys_write
                0x00004c7c        0xc c:/nxp/lpcxpresso_5.2.6_2137/lpcxpresso/tools/bin/../lib/gcc/arm-none-eabi/4.6.2/../../../../arm-none-eabi/lib/armv7-m\libcr_semihost.a(__sys_write.o)
                0x00004c7c                __sys_write
                0x00004c7c                __write
 .text.__main   0x00004c88       0x14 c:/nxp/lpcxpresso_5.2.6_2137/lpcxpresso/tools/bin/../lib/gcc/arm-none-eabi/4.6.2/../../../../arm-none-eabi/lib/armv7-m\libcr_semihost.a(_cr__main.o)
                0x00004c88                __CR_SEMIHOST
                0x00004c88                __main
 .text.memcpy   0x00004c9c        0x4 c:/nxp/lpcxpresso_5.2.6_2137/lpcxpresso/tools/bin/../lib/gcc/arm-none-eabi/4.6.2/../../../../arm-none-eabi/lib/armv7-m\libcr_c.a(memcpy.o)
                0x00004c9c                memcpy
 .text.memset   0x00004ca0        0x4 c:/nxp/lpcxpresso_5.2.6_2137/lpcxpresso/tools/bin/../lib/gcc/arm-none-eabi/4.6.2/../../../../arm-none-eabi/lib/armv7-m\libcr_c.a(memset.o)
                0x00004ca0                memset
 .text.lose_trailing_zeros
                0x00004ca4       0x1e c:/nxp/lpcxpresso_5.2.6_2137/lpcxpresso/tools/bin/../lib/gcc/arm-none-eabi/4.6.2/../../../../arm-none-eabi/lib/armv7-m\libcr_c.a(fpprintf.o)
 .text.fp_round
                0x00004cc2       0x54 c:/nxp/lpcxpresso_5.2.6_2137/lpcxpresso/tools/bin/../lib/gcc/arm-none-eabi/4.6.2/../../../../arm-none-eabi/lib/armv7-m\libcr_c.a(fpprintf.o)
 .text.pr_dec.constprop.1
                0x00004d16       0x22 c:/nxp/lpcxpresso_5.2.6_2137/lpcxpresso/tools/bin/../lib/gcc/arm-none-eabi/4.6.2/../../../../arm-none-eabi/lib/armv7-m\libcr_c.a(fpprintf.o)
 .text.sprintf  0x00004d38       0x70 c:/nxp/lpcxpresso_5.2.6_2137/lpcxpresso/tools/bin/../lib/gcc/arm-none-eabi/4.6.2/../../../../arm-none-eabi/lib/armv7-m\libcr_c.a(fpprintf.o)
                0x00004d38                sprintf
 .text.fp_display
                0x00004da8      0x908 c:/nxp/lpcxpresso_5.2.6_2137/lpcxpresso/tools/bin/../lib/gcc/arm-none-eabi/4.6.2/../../../../arm-none-eabi/lib/armv7-m\libcr_c.a(fpprintf.o)
 .text._initio  0x000056b0       0x9c c:/nxp/lpcxpresso_5.2.6_2137/lpcxpresso/tools/bin/../lib/gcc/arm-none-eabi/4.6.2/../../../../arm-none-eabi/lib/armv7-m\libcr_c.a(initio.o)
                0x000056b0                _initio
 .text.memcmp   0x0000574c       0x38 c:/nxp/lpcxpresso_5.2.6_2137/lpcxpresso/tools/bin/../lib/gcc/arm-none-eabi/4.6.2/../../../../arm-none-eabi/lib/armv7-m\libcr_c.a(memcmp.o)
                0x0000574c                memcmp
 .text.__vfprintf
                0x00005784      0xd54 c:/nxp/lpcxpresso_5.2.6_2137/lpcxpresso/tools/bin/../lib/gcc/arm-none-eabi/4.6.2/../../../../arm-none-eabi/lib/armv7-m\libcr_c.a(printf.o)
                0x00005784                __vfprintf
 .text.setvbuf  0x000064d8       0x48 c:/nxp/lpcxpresso_5.2.6_2137/lpcxpresso/tools/bin/../lib/gcc/arm-none-eabi/4.6.2/../../../../arm-none-eabi/lib/armv7-m\libcr_c.a(setvbuf.o)
                0x000064d8                setvbuf
 .text.strcpy   0x00006520       0x44 c:/nxp/lpcxpresso_5.2.6_2137/lpcxpresso/tools/bin/../lib/gcc/arm-none-eabi/4.6.2/../../../../arm-none-eabi/lib/armv7-m\libcr_c.a(strcpy.o)
                0x00006520                strcpy
 .text.strlen   0x00006564       0x4c c:/nxp/lpcxpresso_5.2.6_2137/lpcxpresso/tools/bin/../lib/gcc/arm-none-eabi/4.6.2/../../../../arm-none-eabi/lib/armv7-m\libcr_c.a(strlen.o)
                0x00006564                strlen
 .text.strncpy  0x000065b0       0x54 c:/nxp/lpcxpresso_5.2.6_2137/lpcxpresso/tools/bin/../lib/gcc/arm-none-eabi/4.6.2/../../../../arm-none-eabi/lib/armv7-m\libcr_c.a(strncpy.o)
                0x000065b0                strncpy
 .text._deferredlazyseek
                0x00006604       0x44 c:/nxp/lpcxpresso_5.2.6_2137/lpcxpresso/tools/bin/../lib/gcc/arm-none-eabi/4.6.2/../../../../arm-none-eabi/lib/armv7-m\libcr_c.a(_deferredlazyseek.o)
                0x00006604                _deferredlazyseek
 .text.__flsbuf
                0x00006648      0x14e c:/nxp/lpcxpresso_5.2.6_2137/lpcxpresso/tools/bin/../lib/gcc/arm-none-eabi/4.6.2/../../../../arm-none-eabi/lib/armv7-m\libcr_c.a(_deferredlazyseek.o)
                0x00006648                __flsbuf
 .text._fdopen  0x00006796       0x6c c:/nxp/lpcxpresso_5.2.6_2137/lpcxpresso/tools/bin/../lib/gcc/arm-none-eabi/4.6.2/../../../../arm-none-eabi/lib/armv7-m\libcr_c.a(_fdopen.o)
                0x00006796                _fdopen
 .text._fflush  0x00006802       0x58 c:/nxp/lpcxpresso_5.2.6_2137/lpcxpresso/tools/bin/../lib/gcc/arm-none-eabi/4.6.2/../../../../arm-none-eabi/lib/armv7-m\libcr_c.a(_fflush.o)
                0x00006802                _fflush
 .text._frexpl  0x0000685a       0x60 c:/nxp/lpcxpresso_5.2.6_2137/lpcxpresso/tools/bin/../lib/gcc/arm-none-eabi/4.6.2/../../../../arm-none-eabi/lib/armv7-m\libcr_c.a(_frexpl.o)
                0x0000685a                _frexpl
 *fill*         0x000068ba        0x2 00
 .text._ldexpl  0x000068bc       0x50 c:/nxp/lpcxpresso_5.2.6_2137/lpcxpresso/tools/bin/../lib/gcc/arm-none-eabi/4.6.2/../../../../arm-none-eabi/lib/armv7-m\libcr_c.a(_ldexpl.o)
                0x000068bc                _ldexpl
 .text._Cwritebuf
                0x0000690c       0x84 c:/nxp/lpcxpresso_5.2.6_2137/lpcxpresso/tools/bin/../lib/gcc/arm-none-eabi/4.6.2/../../../../arm-none-eabi/lib/armv7-m\libcr_c.a(_writebuf.o)
                0x0000690c                _Cwritebuf
 .text.malloc   0x00006990       0xbc c:/nxp/lpcxpresso_5.2.6_2137/lpcxpresso/tools/bin/../lib/gcc/arm-none-eabi/4.6.2/../../../../arm-none-eabi/lib/armv7-m\libcr_c.a(alloc.o)
                0x00006990                malloc
 .text.free     0x00006a4c        0xa c:/nxp/lpcxpresso_5.2.6_2137/lpcxpresso/tools/bin/../lib/gcc/arm-none-eabi/4.6.2/../../../../arm-none-eabi/lib/armv7-m\libcr_c.a(alloc.o)
                0x00006a4c                free
 *fill*         0x00006a56        0x2 00
 .text._Csys_alloc
                0x00006a58       0x20 c:/nxp/lpcxpresso_5.2.6_2137/lpcxpresso/tools/bin/../lib/gcc/arm-none-eabi/4.6.2/../../../../arm-none-eabi/lib/armv7-m\libcr_c.a(alloc.o)
                0x00006a58                _Csys_alloc
 .text.fclose   0x00006a78       0x6c c:/nxp/lpcxpresso_5.2.6_2137/lpcxpresso/tools/bin/../lib/gcc/arm-none-eabi/4.6.2/../../../../arm-none-eabi/lib/armv7-m\libcr_c.a(fclose.o)
                0x00006a78                fclose
 .text.fflush   0x00006ae4       0x34 c:/nxp/lpcxpresso_5.2.6_2137/lpcxpresso/tools/bin/../lib/gcc/arm-none-eabi/4.6.2/../../../../arm-none-eabi/lib/armv7-m\libcr_c.a(fflush.o)
                0x00006ae4                fflush
 .text.fseek    0x00006b18      0x104 c:/nxp/lpcxpresso_5.2.6_2137/lpcxpresso/tools/bin/../lib/gcc/arm-none-eabi/4.6.2/../../../../arm-none-eabi/lib/armv7-m\libcr_c.a(fseek.o)
                0x00006b18                fseek
 .text.ftell    0x00006c1c       0x4c c:/nxp/lpcxpresso_5.2.6_2137/lpcxpresso/tools/bin/../lib/gcc/arm-none-eabi/4.6.2/../../../../arm-none-eabi/lib/armv7-m\libcr_c.a(ftell.o)
                0x00006c1c                ftell
 .text.remove   0x00006c68       0x14 c:/nxp/lpcxpresso_5.2.6_2137/lpcxpresso/tools/bin/../lib/gcc/arm-none-eabi/4.6.2/../../../../arm-none-eabi/lib/armv7-m\libcr_c.a(remove.o)
                0x00006c68                remove
 .text._do_fflush
                0x00006c7c       0x42 c:/nxp/lpcxpresso_5.2.6_2137/lpcxpresso/tools/bin/../lib/gcc/arm-none-eabi/4.6.2/../../../../arm-none-eabi/lib/armv7-m\libcr_c.a(_do_fflush.o)
                0x00006c7c                _do_fflush
 .text.__aeabi_division_uldivmod
                0x00006cbe      0x174 c:/nxp/lpcxpresso_5.2.6_2137/lpcxpresso/tools/bin/../lib/gcc/arm-none-eabi/4.6.2/armv7-m\libcr_eabihelpers.a(division.o)
                0x00006cbe                __aeabi_uldivmod
                0x00006cc2                __bhs_ldivmod1
 .text.__aeabi_division_idiv0
                0x00006e32        0x2 c:/nxp/lpcxpresso_5.2.6_2137/lpcxpresso/tools/bin/../lib/gcc/arm-none-eabi/4.6.2/armv7-m\libcr_eabihelpers.a(division.o)
                0x00006e32                __aeabi_idiv0
 .text.__aeabi_dmul
                0x00006e34      0x138 c:/nxp/lpcxpresso_5.2.6_2137/lpcxpresso/tools/bin/../lib/gcc/arm-none-eabi/4.6.2/armv7-m\libcr_eabihelpers.a(double.o)
                0x00006e34                __aeabi_dmul
 .text.__aeabi_ddiv
                0x00006f6c      0x168 c:/nxp/lpcxpresso_5.2.6_2137/lpcxpresso/tools/bin/../lib/gcc/arm-none-eabi/4.6.2/armv7-m\libcr_eabihelpers.a(double.o)
                0x00006f6c                __aeabi_ddiv
 .text.__aeabi_dsub
                0x000070d4      0x1f4 c:/nxp/lpcxpresso_5.2.6_2137/lpcxpresso/tools/bin/../lib/gcc/arm-none-eabi/4.6.2/armv7-m\libcr_eabihelpers.a(double.o)
                0x000070d4                __aeabi_dsub
 .text.__aeabi_dadd
                0x000072c8      0x154 c:/nxp/lpcxpresso_5.2.6_2137/lpcxpresso/tools/bin/../lib/gcc/arm-none-eabi/4.6.2/armv7-m\libcr_eabihelpers.a(double.o)
                0x000072c8                __aeabi_dadd
 .text.__aeabi_d2iz
                0x0000741c       0x40 c:/nxp/lpcxpresso_5.2.6_2137/lpcxpresso/tools/bin/../lib/gcc/arm-none-eabi/4.6.2/armv7-m\libcr_eabihelpers.a(double.o)
                0x0000741c                __aeabi_d2iz
 .text.__bhs_ui2d
                0x0000745c       0x5c c:/nxp/lpcxpresso_5.2.6_2137/lpcxpresso/tools/bin/../lib/gcc/arm-none-eabi/4.6.2/armv7-m\libcr_eabihelpers.a(double.o)
                0x0000745c                __bhs_ui2d
 .text.__aeabi_i2d
                0x000074b8       0x10 c:/nxp/lpcxpresso_5.2.6_2137/lpcxpresso/tools/bin/../lib/gcc/arm-none-eabi/4.6.2/armv7-m\libcr_eabihelpers.a(double.o)
                0x000074b8                __aeabi_i2d
 .text.__aeabi_dcmpeq
                0x000074c8       0x3c c:/nxp/lpcxpresso_5.2.6_2137/lpcxpresso/tools/bin/../lib/gcc/arm-none-eabi/4.6.2/armv7-m\libcr_eabihelpers.a(double.o)
                0x000074c8                __aeabi_dcmpeq
 .text.__aeabi_dcmplt
                0x00007504       0x5c c:/nxp/lpcxpresso_5.2.6_2137/lpcxpresso/tools/bin/../lib/gcc/arm-none-eabi/4.6.2/armv7-m\libcr_eabihelpers.a(double.o)
                0x00007504                __aeabi_dcmplt
 .text.__aeabi_dcmple
                0x00007560       0x58 c:/nxp/lpcxpresso_5.2.6_2137/lpcxpresso/tools/bin/../lib/gcc/arm-none-eabi/4.6.2/armv7-m\libcr_eabihelpers.a(double.o)
                0x00007560                __aeabi_dcmple
 .text.__aeabi_dcmpge
                0x000075b8       0x5c c:/nxp/lpcxpresso_5.2.6_2137/lpcxpresso/tools/bin/../lib/gcc/arm-none-eabi/4.6.2/armv7-m\libcr_eabihelpers.a(double.o)
                0x000075b8                __aeabi_dcmpge
 .text.__aeabi_memcpy
                0x00007614       0x26 c:/nxp/lpcxpresso_5.2.6_2137/lpcxpresso/tools/bin/../lib/gcc/arm-none-eabi/4.6.2/armv7-m\libcr_eabihelpers.a(memcpy.o)
                0x00007614                __aeabi_memcpy4
                0x00007614                __aeabi_memcpy8
                0x00007614                __aeabi_memcpy
 .text.__aeabi_memset_lowlevel
                0x0000763a       0x24 c:/nxp/lpcxpresso_5.2.6_2137/lpcxpresso/tools/bin/../lib/gcc/arm-none-eabi/4.6.2/armv7-m\libcr_eabihelpers.a(memcpy.o)
                0x0000763a                __aeabi_lowlevel_memset
 *fill*         0x0000765e        0x2 00
 .text.__sys_appexit
                0x00007660        0xc c:/nxp/lpcxpresso_5.2.6_2137/lpcxpresso/tools/bin/../lib/gcc/arm-none-eabi/4.6.2/../../../../arm-none-eabi/lib/armv7-m\libcr_semihost.a(__sys_appexit.o)
                0x00007660                __sys_appexit
                0x00007660                __exit
 .text.__sys_close
                0x0000766c        0xc c:/nxp/lpcxpresso_5.2.6_2137/lpcxpresso/tools/bin/../lib/gcc/arm-none-eabi/4.6.2/../../../../arm-none-eabi/lib/armv7-m\libcr_semihost.a(__sys_close.o)
                0x0000766c                __sys_close
 .text.__sys_flen
                0x00007678        0xc c:/nxp/lpcxpresso_5.2.6_2137/lpcxpresso/tools/bin/../lib/gcc/arm-none-eabi/4.6.2/../../../../arm-none-eabi/lib/armv7-m\libcr_semihost.a(__sys_flen.o)
                0x00007678                __sys_flen
 .text.__sys_istty
                0x00007684        0xc c:/nxp/lpcxpresso_5.2.6_2137/lpcxpresso/tools/bin/../lib/gcc/arm-none-eabi/4.6.2/../../../../arm-none-eabi/lib/armv7-m\libcr_semihost.a(__sys_istty.o)
                0x00007684                __sys_istty
 .text.__sys_remove
                0x00007690        0xc c:/nxp/lpcxpresso_5.2.6_2137/lpcxpresso/tools/bin/../lib/gcc/arm-none-eabi/4.6.2/../../../../arm-none-eabi/lib/armv7-m\libcr_semihost.a(__sys_remove.o)
                0x00007690                __sys_remove
 .text.__sys_seek
                0x0000769c        0xc c:/nxp/lpcxpresso_5.2.6_2137/lpcxpresso/tools/bin/../lib/gcc/arm-none-eabi/4.6.2/../../../../arm-none-eabi/lib/armv7-m\libcr_semihost.a(__sys_seek.o)
                0x0000769c                __sys_seek
 .text.__sys_tmpnam
                0x000076a8        0xc c:/nxp/lpcxpresso_5.2.6_2137/lpcxpresso/tools/bin/../lib/gcc/arm-none-eabi/4.6.2/../../../../arm-none-eabi/lib/armv7-m\libcr_semihost.a(__sys_tmpnam.o)
                0x000076a8                __sys_tmpnam
 .text._sbrk    0x000076b4       0x40 c:/nxp/lpcxpresso_5.2.6_2137/lpcxpresso/tools/bin/../lib/gcc/arm-none-eabi/4.6.2/../../../../arm-none-eabi/lib/armv7-m\libcr_semihost.a(_cr_sbrk.o)
                0x000076b4                _sbrk
 .text.__check_heap_overflow
                0x000076f4       0x2c c:/nxp/lpcxpresso_5.2.6_2137/lpcxpresso/tools/bin/../lib/gcc/arm-none-eabi/4.6.2/../../../../arm-none-eabi/lib/armv7-m\libcr_semihost.a(_cr_check_heap.o)
                0x000076f4                __check_heap_overflow
 *(.rodata .rodata.*)
 .rodata        0x00007720       0xa8 ./main.o
 .rodata.str1.4
                0x000077c8        0x8 C:\Users\aluno\Desktop\workspace\FreeRTOS_Library\Debug\libFreeRTOS_Library.a(basic_io.o)
 .rodata        0x000077d0       0x14 C:\Users\aluno\Desktop\workspace\FreeRTOS_Library\Debug\libFreeRTOS_Library.a(tasks.o)
 .rodata.str1.4
                0x000077e4        0x8 C:\Users\aluno\Desktop\workspace\FreeRTOS_Library\Debug\libFreeRTOS_Library.a(tasks.o)
 .rodata        0x000077ec        0x8 C:\Users\aluno\Desktop\workspace\Lib_EaBaseBoard\Debug\libLib_EaBaseBoard.a(oled.o)
 .rodata        0x000077f4      0x300 C:\Users\aluno\Desktop\workspace\Lib_EaBaseBoard\Debug\libLib_EaBaseBoard.a(font5x7.o)
                0x000077f4                font5x7
 .rodata        0x00007af4       0x18 C:\Users\aluno\Desktop\workspace\Lib_MCU\Debug\libLib_MCU.a(lpc17xx_i2c.o)
 .rodata        0x00007b0c       0x18 C:\Users\aluno\Desktop\workspace\Lib_MCU\Debug\libLib_MCU.a(lpc17xx_ssp.o)
 .rodata        0x00007b24       0x18 C:\Users\aluno\Desktop\workspace\Lib_MCU\Debug\libLib_MCU.a(lpc17xx_timer.o)
 .rodata.str1.1
                0x00007b3c       0x34 c:/nxp/lpcxpresso_5.2.6_2137/lpcxpresso/tools/bin/../lib/gcc/arm-none-eabi/4.6.2/../../../../arm-none-eabi/lib/armv7-m\libcr_c.a(fpprintf.o)
                                 0x35 (size before relaxing)
 .rodata.str1.1
                0x00007b70        0x4 c:/nxp/lpcxpresso_5.2.6_2137/lpcxpresso/tools/bin/../lib/gcc/arm-none-eabi/4.6.2/../../../../arm-none-eabi/lib/armv7-m\libcr_c.a(initio.o)
 .rodata.str1.1
                0x00007b74       0x31 c:/nxp/lpcxpresso_5.2.6_2137/lpcxpresso/tools/bin/../lib/gcc/arm-none-eabi/4.6.2/../../../../arm-none-eabi/lib/armv7-m\libcr_c.a(printf.o)
                                 0x38 (size before relaxing)
 .rodata.str1.1
                0x00007ba5       0x18 c:/nxp/lpcxpresso_5.2.6_2137/lpcxpresso/tools/bin/../lib/gcc/arm-none-eabi/4.6.2/../../../../arm-none-eabi/lib/armv7-m\libcr_c.a(alloc.o)
 *fill*         0x00007bbd        0x3 00
 .rodata.__huge_vall
                0x00007bc0        0x8 c:/nxp/lpcxpresso_5.2.6_2137/lpcxpresso/tools/bin/../lib/gcc/arm-none-eabi/4.6.2/../../../../arm-none-eabi/lib/armv7-m\libcr_c.a(_hugeval.o)
                0x00007bc0                __huge_vall
                0x00007bc8                . = ALIGN (0x4)

.glue_7         0x00007bc8        0x0
 .glue_7        0x00000000        0x0 linker stubs

.glue_7t        0x00007bc8        0x0
 .glue_7t       0x00000000        0x0 linker stubs

.vfp11_veneer   0x00007bc8        0x0
 .vfp11_veneer  0x00000000        0x0 linker stubs

.v4_bx          0x00007bc8        0x0
 .v4_bx         0x00000000        0x0 linker stubs

.ARM.extab
 *(.ARM.extab* .gnu.linkonce.armextab.*)
                0x00007bc8                __exidx_start = .

.ARM.exidx
 *(.ARM.exidx* .gnu.linkonce.armexidx.*)
                0x00007bc8                __exidx_end = .
                0x00007bc8                _etext = .

.data_RAM2      0x2007c000        0x0 load address 0x00007bc8
 FILL mask 0xff
 *(.data.$RAM2*)
 *(.data.$RamAHB32*)
                0x2007c000                . = ALIGN (0x4)

.uninit_RESERVED
                0x10000000        0x0
 *(.bss.$RESERVED*)
                0x10000000                . = ALIGN (0x4)
                0x10000000                _end_uninit_RESERVED = .

.data           0x10000000       0x6c load address 0x00007bc8
 FILL mask 0xff
                0x10000000                _data = .
 *(vtable)
 *(.data*)
 .data          0x10000000        0x4 ./main.o
 .data          0x10000004        0x1 ./sensor.o
 *fill*         0x10000005        0x3 00
 .data          0x10000008        0x4 C:\Users\aluno\Desktop\workspace\CMSISv1p30_LPC17xx\Debug\libCMSISv1p30_LPC17xx.a(system_LPC17xx.o)
                0x10000008                SystemCoreClock
 .data          0x1000000c        0x4 C:\Users\aluno\Desktop\workspace\FreeRTOS_Library\Debug\libFreeRTOS_Library.a(port.o)
 .data          0x10000010        0x4 C:\Users\aluno\Desktop\workspace\FreeRTOS_Library\Debug\libFreeRTOS_Library.a(heap_2.o)
 .data          0x10000014       0x50 C:\Users\aluno\Desktop\workspace\Lib_EaBaseBoard\Debug\libLib_EaBaseBoard.a(led7seg.o)
 .data          0x10000064        0x8 C:\Users\aluno\Desktop\workspace\Lib_EaBaseBoard\Debug\libLib_EaBaseBoard.a(light.o)
                0x1000006c                . = ALIGN (0x4)
                0x1000006c                _edata = .

.bss_RAM2       0x2007c000        0x0
 *(.bss.$RAM2*)
 *(.bss.$RamAHB32*)
                0x2007c000                . = ALIGN (0x4)

.bss            0x10000070     0x2dec
                0x10000070                _bss = .
 *(.bss*)
 .bss           0x10000070        0xc ./main.o
 .bss           0x1000007c       0x34 C:\Users\aluno\Desktop\workspace\FreeRTOS_Library\Debug\libFreeRTOS_Library.a(basic_io.o)
 .bss           0x100000b0      0x100 C:\Users\aluno\Desktop\workspace\FreeRTOS_Library\Debug\libFreeRTOS_Library.a(tasks.o)
                0x100000b4                pxCurrentTCB
 .bss           0x100001b0     0x2818 C:\Users\aluno\Desktop\workspace\FreeRTOS_Library\Debug\libFreeRTOS_Library.a(heap_2.o)
 .bss           0x100029c8      0x300 C:\Users\aluno\Desktop\workspace\Lib_EaBaseBoard\Debug\libLib_EaBaseBoard.a(oled.o)
 .bss           0x10002cc8       0x24 C:\Users\aluno\Desktop\workspace\Lib_MCU\Debug\libLib_MCU.a(lpc17xx_i2c.o)
 .bss           0x10002cec       0x18 C:\Users\aluno\Desktop\workspace\Lib_MCU\Debug\libLib_MCU.a(lpc17xx_ssp.o)
 .bss.errno     0x10002d04        0x4 c:/nxp/lpcxpresso_5.2.6_2137/lpcxpresso/tools/bin/../lib/gcc/arm-none-eabi/4.6.2/../../../../arm-none-eabi/lib/armv7-m\libcr_c.a(errno.o)
                0x10002d04                errno
 *(COMMON)
 COMMON         0x10002d08        0x4 ./main.o
                0x10002d08                xQueue
 COMMON         0x10002d0c        0x4 ./sensor.o
                0x10002d0c                ClassHandle
 COMMON         0x10002d10        0x4 c:/nxp/lpcxpresso_5.2.6_2137/lpcxpresso/tools/bin/../lib/gcc/arm-none-eabi/4.6.2/../../../../arm-none-eabi/lib/armv7-m\libcr_c.a(initio.o)
                0x10002d10                _extra
 COMMON         0x10002d14      0x140 c:/nxp/lpcxpresso_5.2.6_2137/lpcxpresso/tools/bin/../lib/gcc/arm-none-eabi/4.6.2/../../../../arm-none-eabi/lib/armv7-m\libcr_c.a(stdio.o)
                0x10002d14                __Ciob
 COMMON         0x10002e54        0x8 c:/nxp/lpcxpresso_5.2.6_2137/lpcxpresso/tools/bin/../lib/gcc/arm-none-eabi/4.6.2/../../../../arm-none-eabi/lib/armv7-m\libcr_c.a(__init_alloc.o)
                0x10002e54                __heaps
                0x10002e58                __end_of_heap
                0x10002e5c                . = ALIGN (0x4)
                0x10002e5c                _ebss = .
                0x10002e5c                PROVIDE (end, .)

.noinit_RAM2    0x2007c000        0x0
 *(.noinit.$RAM2*)
 *(.noinit.$RamAHB32*)
                0x2007c000                . = ALIGN (0x4)

.noinit         0x10002e5c        0x0
                0x10002e5c                _noinit = .
 *(.noinit*)
                0x10002e5c                . = ALIGN (0x4)
                0x10002e5c                _end_noinit = .
                0x10002e5c                PROVIDE (_pvHeapStart, .)
                0x10008000                PROVIDE (_vStackTop, (__top_RamLoc32 - 0x0))
OUTPUT(Example06.axf elf32-littlearm)

.debug_info     0x00000000     0x7d75
 .debug_info    0x00000000      0x210 ./cr_startup_lpc17.o
 .debug_info    0x00000210      0x4e8 ./main.o
 .debug_info    0x000006f8      0x8b1 ./sensor.o
 .debug_info    0x00000fa9      0x385 C:\Users\aluno\Desktop\workspace\CMSISv1p30_LPC17xx\Debug\libCMSISv1p30_LPC17xx.a(system_LPC17xx.o)
 .debug_info    0x0000132e      0x220 C:\Users\aluno\Desktop\workspace\FreeRTOS_Library\Debug\libFreeRTOS_Library.a(port.o)
 .debug_info    0x0000154e      0x12c C:\Users\aluno\Desktop\workspace\FreeRTOS_Library\Debug\libFreeRTOS_Library.a(basic_io.o)
 .debug_info    0x0000167a       0xaa C:\Users\aluno\Desktop\workspace\FreeRTOS_Library\Debug\libFreeRTOS_Library.a(consoleprint.o)
 .debug_info    0x00001724      0x814 C:\Users\aluno\Desktop\workspace\FreeRTOS_Library\Debug\libFreeRTOS_Library.a(queue.o)
 .debug_info    0x00001f38      0xe7c C:\Users\aluno\Desktop\workspace\FreeRTOS_Library\Debug\libFreeRTOS_Library.a(tasks.o)
 .debug_info    0x00002db4      0x2ef C:\Users\aluno\Desktop\workspace\FreeRTOS_Library\Debug\libFreeRTOS_Library.a(heap_2.o)
 .debug_info    0x000030a3      0x2c5 C:\Users\aluno\Desktop\workspace\FreeRTOS_Library\Debug\libFreeRTOS_Library.a(list.o)
 .debug_info    0x00003368      0x282 C:\Users\aluno\Desktop\workspace\Lib_EaBaseBoard\Debug\libLib_EaBaseBoard.a(led7seg.o)
 .debug_info    0x000035ea      0x763 C:\Users\aluno\Desktop\workspace\Lib_EaBaseBoard\Debug\libLib_EaBaseBoard.a(light.o)
 .debug_info    0x00003d4d      0x97d C:\Users\aluno\Desktop\workspace\Lib_EaBaseBoard\Debug\libLib_EaBaseBoard.a(oled.o)
 .debug_info    0x000046ca       0xe4 C:\Users\aluno\Desktop\workspace\Lib_EaBaseBoard\Debug\libLib_EaBaseBoard.a(rgb.o)
 .debug_info    0x000047ae       0x65 C:\Users\aluno\Desktop\workspace\Lib_EaBaseBoard\Debug\libLib_EaBaseBoard.a(font5x7.o)
 .debug_info    0x00004813      0xb95 C:\Users\aluno\Desktop\workspace\Lib_MCU\Debug\libLib_MCU.a(lpc17xx_gpio.o)
 .debug_info    0x000053a8      0xcc3 C:\Users\aluno\Desktop\workspace\Lib_MCU\Debug\libLib_MCU.a(lpc17xx_i2c.o)
 .debug_info    0x0000606b       0xcd C:\Users\aluno\Desktop\workspace\Lib_MCU\Debug\libLib_MCU.a(lpc17xx_libcfg_default.o)
 .debug_info    0x00006138      0x4b1 C:\Users\aluno\Desktop\workspace\Lib_MCU\Debug\libLib_MCU.a(lpc17xx_pinsel.o)
 .debug_info    0x000065e9      0x867 C:\Users\aluno\Desktop\workspace\Lib_MCU\Debug\libLib_MCU.a(lpc17xx_ssp.o)
 .debug_info    0x00006e50      0x8e4 C:\Users\aluno\Desktop\workspace\Lib_MCU\Debug\libLib_MCU.a(lpc17xx_timer.o)
 .debug_info    0x00007734      0x641 C:\Users\aluno\Desktop\workspace\Lib_MCU\Debug\libLib_MCU.a(lpc17xx_clkpwr.o)

.debug_abbrev   0x00000000     0x1e8c
 .debug_abbrev  0x00000000       0xb4 ./cr_startup_lpc17.o
 .debug_abbrev  0x000000b4      0x1ab ./main.o
 .debug_abbrev  0x0000025f      0x227 ./sensor.o
 .debug_abbrev  0x00000486       0xce C:\Users\aluno\Desktop\workspace\CMSISv1p30_LPC17xx\Debug\libCMSISv1p30_LPC17xx.a(system_LPC17xx.o)
 .debug_abbrev  0x00000554      0x141 C:\Users\aluno\Desktop\workspace\FreeRTOS_Library\Debug\libFreeRTOS_Library.a(port.o)
 .debug_abbrev  0x00000695       0x9b C:\Users\aluno\Desktop\workspace\FreeRTOS_Library\Debug\libFreeRTOS_Library.a(basic_io.o)
 .debug_abbrev  0x00000730       0x7b C:\Users\aluno\Desktop\workspace\FreeRTOS_Library\Debug\libFreeRTOS_Library.a(consoleprint.o)
 .debug_abbrev  0x000007ab      0x1b3 C:\Users\aluno\Desktop\workspace\FreeRTOS_Library\Debug\libFreeRTOS_Library.a(queue.o)
 .debug_abbrev  0x0000095e      0x2b1 C:\Users\aluno\Desktop\workspace\FreeRTOS_Library\Debug\libFreeRTOS_Library.a(tasks.o)
 .debug_abbrev  0x00000c0f      0x19e C:\Users\aluno\Desktop\workspace\FreeRTOS_Library\Debug\libFreeRTOS_Library.a(heap_2.o)
 .debug_abbrev  0x00000dad       0xda C:\Users\aluno\Desktop\workspace\FreeRTOS_Library\Debug\libFreeRTOS_Library.a(list.o)
 .debug_abbrev  0x00000e87      0x155 C:\Users\aluno\Desktop\workspace\Lib_EaBaseBoard\Debug\libLib_EaBaseBoard.a(led7seg.o)
 .debug_abbrev  0x00000fdc      0x1bd C:\Users\aluno\Desktop\workspace\Lib_EaBaseBoard\Debug\libLib_EaBaseBoard.a(light.o)
 .debug_abbrev  0x00001199      0x1f1 C:\Users\aluno\Desktop\workspace\Lib_EaBaseBoard\Debug\libLib_EaBaseBoard.a(oled.o)
 .debug_abbrev  0x0000138a       0x8e C:\Users\aluno\Desktop\workspace\Lib_EaBaseBoard\Debug\libLib_EaBaseBoard.a(rgb.o)
 .debug_abbrev  0x00001418       0x4b C:\Users\aluno\Desktop\workspace\Lib_EaBaseBoard\Debug\libLib_EaBaseBoard.a(font5x7.o)
 .debug_abbrev  0x00001463      0x185 C:\Users\aluno\Desktop\workspace\Lib_MCU\Debug\libLib_MCU.a(lpc17xx_gpio.o)
 .debug_abbrev  0x000015e8      0x24a C:\Users\aluno\Desktop\workspace\Lib_MCU\Debug\libLib_MCU.a(lpc17xx_i2c.o)
 .debug_abbrev  0x00001832       0x6a C:\Users\aluno\Desktop\workspace\Lib_MCU\Debug\libLib_MCU.a(lpc17xx_libcfg_default.o)
 .debug_abbrev  0x0000189c      0x10a C:\Users\aluno\Desktop\workspace\Lib_MCU\Debug\libLib_MCU.a(lpc17xx_pinsel.o)
 .debug_abbrev  0x000019a6      0x1d3 C:\Users\aluno\Desktop\workspace\Lib_MCU\Debug\libLib_MCU.a(lpc17xx_ssp.o)
 .debug_abbrev  0x00001b79      0x19f C:\Users\aluno\Desktop\workspace\Lib_MCU\Debug\libLib_MCU.a(lpc17xx_timer.o)
 .debug_abbrev  0x00001d18      0x174 C:\Users\aluno\Desktop\workspace\Lib_MCU\Debug\libLib_MCU.a(lpc17xx_clkpwr.o)

.debug_loc      0x00000000     0x3713
 .debug_loc     0x00000000      0x1f0 ./cr_startup_lpc17.o
 .debug_loc     0x000001f0      0x1d4 ./main.o
 .debug_loc     0x000003c4      0x190 ./sensor.o
 .debug_loc     0x00000554       0x58 C:\Users\aluno\Desktop\workspace\CMSISv1p30_LPC17xx\Debug\libCMSISv1p30_LPC17xx.a(system_LPC17xx.o)
 .debug_loc     0x000005ac       0x94 C:\Users\aluno\Desktop\workspace\FreeRTOS_Library\Debug\libFreeRTOS_Library.a(port.o)
 .debug_loc     0x00000640       0x9a C:\Users\aluno\Desktop\workspace\FreeRTOS_Library\Debug\libFreeRTOS_Library.a(basic_io.o)
 .debug_loc     0x000006da       0x5c C:\Users\aluno\Desktop\workspace\FreeRTOS_Library\Debug\libFreeRTOS_Library.a(consoleprint.o)
 .debug_loc     0x00000736      0x68c C:\Users\aluno\Desktop\workspace\FreeRTOS_Library\Debug\libFreeRTOS_Library.a(queue.o)
 .debug_loc     0x00000dc2      0xa90 C:\Users\aluno\Desktop\workspace\FreeRTOS_Library\Debug\libFreeRTOS_Library.a(tasks.o)
 .debug_loc     0x00001852      0x201 C:\Users\aluno\Desktop\workspace\FreeRTOS_Library\Debug\libFreeRTOS_Library.a(heap_2.o)
 .debug_loc     0x00001a53       0x4a C:\Users\aluno\Desktop\workspace\FreeRTOS_Library\Debug\libFreeRTOS_Library.a(list.o)
 .debug_loc     0x00001a9d       0x64 C:\Users\aluno\Desktop\workspace\Lib_EaBaseBoard\Debug\libLib_EaBaseBoard.a(led7seg.o)
 .debug_loc     0x00001b01      0x378 C:\Users\aluno\Desktop\workspace\Lib_EaBaseBoard\Debug\libLib_EaBaseBoard.a(light.o)
 .debug_loc     0x00001e79      0x33e C:\Users\aluno\Desktop\workspace\Lib_EaBaseBoard\Debug\libLib_EaBaseBoard.a(oled.o)
 .debug_loc     0x000021b7       0x64 C:\Users\aluno\Desktop\workspace\Lib_EaBaseBoard\Debug\libLib_EaBaseBoard.a(rgb.o)
 .debug_loc     0x0000221b      0x4d0 C:\Users\aluno\Desktop\workspace\Lib_MCU\Debug\libLib_MCU.a(lpc17xx_gpio.o)
 .debug_loc     0x000026eb      0x4e4 C:\Users\aluno\Desktop\workspace\Lib_MCU\Debug\libLib_MCU.a(lpc17xx_i2c.o)
 .debug_loc     0x00002bcf       0x38 C:\Users\aluno\Desktop\workspace\Lib_MCU\Debug\libLib_MCU.a(lpc17xx_libcfg_default.o)
 .debug_loc     0x00002c07      0x150 C:\Users\aluno\Desktop\workspace\Lib_MCU\Debug\libLib_MCU.a(lpc17xx_pinsel.o)
 .debug_loc     0x00002d57      0x448 C:\Users\aluno\Desktop\workspace\Lib_MCU\Debug\libLib_MCU.a(lpc17xx_ssp.o)
 .debug_loc     0x0000319f      0x3b8 C:\Users\aluno\Desktop\workspace\Lib_MCU\Debug\libLib_MCU.a(lpc17xx_timer.o)
 .debug_loc     0x00003557      0x1bc C:\Users\aluno\Desktop\workspace\Lib_MCU\Debug\libLib_MCU.a(lpc17xx_clkpwr.o)

.debug_aranges  0x00000000      0x760
 .debug_aranges
                0x00000000       0x70 ./cr_startup_lpc17.o
 .debug_aranges
                0x00000070       0x60 ./main.o
 .debug_aranges
                0x000000d0       0x58 ./sensor.o
 .debug_aranges
                0x00000128       0x28 C:\Users\aluno\Desktop\workspace\CMSISv1p30_LPC17xx\Debug\libCMSISv1p30_LPC17xx.a(system_LPC17xx.o)
 .debug_aranges
                0x00000150       0x20 C:\Users\aluno\Desktop\workspace\FreeRTOS_Library\Debug\libFreeRTOS_Library.a(port.o)
 .debug_aranges
                0x00000170       0x20 C:\Users\aluno\Desktop\workspace\FreeRTOS_Library\Debug\libFreeRTOS_Library.a(basic_io.o)
 .debug_aranges
                0x00000190       0x20 C:\Users\aluno\Desktop\workspace\FreeRTOS_Library\Debug\libFreeRTOS_Library.a(consoleprint.o)
 .debug_aranges
                0x000001b0       0x20 C:\Users\aluno\Desktop\workspace\FreeRTOS_Library\Debug\libFreeRTOS_Library.a(queue.o)
 .debug_aranges
                0x000001d0       0x20 C:\Users\aluno\Desktop\workspace\FreeRTOS_Library\Debug\libFreeRTOS_Library.a(tasks.o)
 .debug_aranges
                0x000001f0       0x20 C:\Users\aluno\Desktop\workspace\FreeRTOS_Library\Debug\libFreeRTOS_Library.a(heap_2.o)
 .debug_aranges
                0x00000210       0x20 C:\Users\aluno\Desktop\workspace\FreeRTOS_Library\Debug\libFreeRTOS_Library.a(list.o)
 .debug_aranges
                0x00000230       0x28 C:\Users\aluno\Desktop\workspace\Lib_EaBaseBoard\Debug\libLib_EaBaseBoard.a(led7seg.o)
 .debug_aranges
                0x00000258       0x98 C:\Users\aluno\Desktop\workspace\Lib_EaBaseBoard\Debug\libLib_EaBaseBoard.a(light.o)
 .debug_aranges
                0x000002f0       0x90 C:\Users\aluno\Desktop\workspace\Lib_EaBaseBoard\Debug\libLib_EaBaseBoard.a(oled.o)
 .debug_aranges
                0x00000380       0x28 C:\Users\aluno\Desktop\workspace\Lib_EaBaseBoard\Debug\libLib_EaBaseBoard.a(rgb.o)
 .debug_aranges
                0x000003a8       0xc8 C:\Users\aluno\Desktop\workspace\Lib_MCU\Debug\libLib_MCU.a(lpc17xx_gpio.o)
 .debug_aranges
                0x00000470       0xd0 C:\Users\aluno\Desktop\workspace\Lib_MCU\Debug\libLib_MCU.a(lpc17xx_i2c.o)
 .debug_aranges
                0x00000540       0x20 C:\Users\aluno\Desktop\workspace\Lib_MCU\Debug\libLib_MCU.a(lpc17xx_libcfg_default.o)
 .debug_aranges
                0x00000560       0x48 C:\Users\aluno\Desktop\workspace\Lib_MCU\Debug\libLib_MCU.a(lpc17xx_pinsel.o)
 .debug_aranges
                0x000005a8       0xb8 C:\Users\aluno\Desktop\workspace\Lib_MCU\Debug\libLib_MCU.a(lpc17xx_ssp.o)
 .debug_aranges
                0x00000660       0xa0 C:\Users\aluno\Desktop\workspace\Lib_MCU\Debug\libLib_MCU.a(lpc17xx_timer.o)
 .debug_aranges
                0x00000700       0x60 C:\Users\aluno\Desktop\workspace\Lib_MCU\Debug\libLib_MCU.a(lpc17xx_clkpwr.o)

.debug_ranges   0x00000000      0x608
 .debug_ranges  0x00000000       0x60 ./cr_startup_lpc17.o
 .debug_ranges  0x00000060       0x50 ./main.o
 .debug_ranges  0x000000b0       0x48 ./sensor.o
 .debug_ranges  0x000000f8       0x18 C:\Users\aluno\Desktop\workspace\CMSISv1p30_LPC17xx\Debug\libCMSISv1p30_LPC17xx.a(system_LPC17xx.o)
 .debug_ranges  0x00000110       0x78 C:\Users\aluno\Desktop\workspace\FreeRTOS_Library\Debug\libFreeRTOS_Library.a(tasks.o)
 .debug_ranges  0x00000188       0x18 C:\Users\aluno\Desktop\workspace\Lib_EaBaseBoard\Debug\libLib_EaBaseBoard.a(led7seg.o)
 .debug_ranges  0x000001a0       0x88 C:\Users\aluno\Desktop\workspace\Lib_EaBaseBoard\Debug\libLib_EaBaseBoard.a(light.o)
 .debug_ranges  0x00000228       0x80 C:\Users\aluno\Desktop\workspace\Lib_EaBaseBoard\Debug\libLib_EaBaseBoard.a(oled.o)
 .debug_ranges  0x000002a8       0x18 C:\Users\aluno\Desktop\workspace\Lib_EaBaseBoard\Debug\libLib_EaBaseBoard.a(rgb.o)
 .debug_ranges  0x000002c0       0xb8 C:\Users\aluno\Desktop\workspace\Lib_MCU\Debug\libLib_MCU.a(lpc17xx_gpio.o)
 .debug_ranges  0x00000378       0xc0 C:\Users\aluno\Desktop\workspace\Lib_MCU\Debug\libLib_MCU.a(lpc17xx_i2c.o)
 .debug_ranges  0x00000438       0x10 C:\Users\aluno\Desktop\workspace\Lib_MCU\Debug\libLib_MCU.a(lpc17xx_libcfg_default.o)
 .debug_ranges  0x00000448       0x38 C:\Users\aluno\Desktop\workspace\Lib_MCU\Debug\libLib_MCU.a(lpc17xx_pinsel.o)
 .debug_ranges  0x00000480       0xa8 C:\Users\aluno\Desktop\workspace\Lib_MCU\Debug\libLib_MCU.a(lpc17xx_ssp.o)
 .debug_ranges  0x00000528       0x90 C:\Users\aluno\Desktop\workspace\Lib_MCU\Debug\libLib_MCU.a(lpc17xx_timer.o)
 .debug_ranges  0x000005b8       0x50 C:\Users\aluno\Desktop\workspace\Lib_MCU\Debug\libLib_MCU.a(lpc17xx_clkpwr.o)

.debug_line     0x00000000     0x782f
 .debug_line    0x00000000      0x447 ./cr_startup_lpc17.o
 .debug_line    0x00000447      0x6da ./main.o
 .debug_line    0x00000b21      0x549 ./sensor.o
 .debug_line    0x0000106a      0x3fc C:\Users\aluno\Desktop\workspace\CMSISv1p30_LPC17xx\Debug\libCMSISv1p30_LPC17xx.a(system_LPC17xx.o)
 .debug_line    0x00001466      0x4b8 C:\Users\aluno\Desktop\workspace\FreeRTOS_Library\Debug\libFreeRTOS_Library.a(port.o)
 .debug_line    0x0000191e      0x4b8 C:\Users\aluno\Desktop\workspace\FreeRTOS_Library\Debug\libFreeRTOS_Library.a(basic_io.o)
 .debug_line    0x00001dd6      0x2dc C:\Users\aluno\Desktop\workspace\FreeRTOS_Library\Debug\libFreeRTOS_Library.a(consoleprint.o)
 .debug_line    0x000020b2      0x5cc C:\Users\aluno\Desktop\workspace\FreeRTOS_Library\Debug\libFreeRTOS_Library.a(queue.o)
 .debug_line    0x0000267e      0x7d4 C:\Users\aluno\Desktop\workspace\FreeRTOS_Library\Debug\libFreeRTOS_Library.a(tasks.o)
 .debug_line    0x00002e52      0x4f2 C:\Users\aluno\Desktop\workspace\FreeRTOS_Library\Debug\libFreeRTOS_Library.a(heap_2.o)
 .debug_line    0x00003344      0x4b8 C:\Users\aluno\Desktop\workspace\FreeRTOS_Library\Debug\libFreeRTOS_Library.a(list.o)
 .debug_line    0x000037fc      0x43e C:\Users\aluno\Desktop\workspace\Lib_EaBaseBoard\Debug\libLib_EaBaseBoard.a(led7seg.o)
 .debug_line    0x00003c3a      0x56f C:\Users\aluno\Desktop\workspace\Lib_EaBaseBoard\Debug\libLib_EaBaseBoard.a(light.o)
 .debug_line    0x000041a9      0x748 C:\Users\aluno\Desktop\workspace\Lib_EaBaseBoard\Debug\libLib_EaBaseBoard.a(oled.o)
 .debug_line    0x000048f1      0x41b C:\Users\aluno\Desktop\workspace\Lib_EaBaseBoard\Debug\libLib_EaBaseBoard.a(rgb.o)
 .debug_line    0x00004d0c       0x76 C:\Users\aluno\Desktop\workspace\Lib_EaBaseBoard\Debug\libLib_EaBaseBoard.a(font5x7.o)
 .debug_line    0x00004d82      0x5cb C:\Users\aluno\Desktop\workspace\Lib_MCU\Debug\libLib_MCU.a(lpc17xx_gpio.o)
 .debug_line    0x0000534d      0x8e6 C:\Users\aluno\Desktop\workspace\Lib_MCU\Debug\libLib_MCU.a(lpc17xx_i2c.o)
 .debug_line    0x00005c33      0x377 C:\Users\aluno\Desktop\workspace\Lib_MCU\Debug\libLib_MCU.a(lpc17xx_libcfg_default.o)
 .debug_line    0x00005faa      0x44a C:\Users\aluno\Desktop\workspace\Lib_MCU\Debug\libLib_MCU.a(lpc17xx_pinsel.o)
 .debug_line    0x000063f4      0x819 C:\Users\aluno\Desktop\workspace\Lib_MCU\Debug\libLib_MCU.a(lpc17xx_ssp.o)
 .debug_line    0x00006c0d      0x777 C:\Users\aluno\Desktop\workspace\Lib_MCU\Debug\libLib_MCU.a(lpc17xx_timer.o)
 .debug_line    0x00007384      0x4ab C:\Users\aluno\Desktop\workspace\Lib_MCU\Debug\libLib_MCU.a(lpc17xx_clkpwr.o)

.debug_macinfo  0x00000000    0xc87d6
 .debug_macinfo
                0x00000000     0x3d1a ./cr_startup_lpc17.o
 .debug_macinfo
                0x00003d1a     0xce7b ./main.o
 .debug_macinfo
                0x00010b95     0xb5c5 ./sensor.o
 .debug_macinfo
                0x0001c15a     0x83f8 C:\Users\aluno\Desktop\workspace\CMSISv1p30_LPC17xx\Debug\libCMSISv1p30_LPC17xx.a(system_LPC17xx.o)
 .debug_macinfo
                0x00024552     0x9de1 C:\Users\aluno\Desktop\workspace\FreeRTOS_Library\Debug\libFreeRTOS_Library.a(port.o)
 .debug_macinfo
                0x0002e333     0x9e2d C:\Users\aluno\Desktop\workspace\FreeRTOS_Library\Debug\libFreeRTOS_Library.a(basic_io.o)
 .debug_macinfo
                0x00038160     0x2b75 C:\Users\aluno\Desktop\workspace\FreeRTOS_Library\Debug\libFreeRTOS_Library.a(consoleprint.o)
 .debug_macinfo
                0x0003acd5     0xa4c3 C:\Users\aluno\Desktop\workspace\FreeRTOS_Library\Debug\libFreeRTOS_Library.a(queue.o)
 .debug_macinfo
                0x00045198     0xa761 C:\Users\aluno\Desktop\workspace\FreeRTOS_Library\Debug\libFreeRTOS_Library.a(tasks.o)
 .debug_macinfo
                0x0004f8f9     0x9f77 C:\Users\aluno\Desktop\workspace\FreeRTOS_Library\Debug\libFreeRTOS_Library.a(heap_2.o)
 .debug_macinfo
                0x00059870     0x98ca C:\Users\aluno\Desktop\workspace\FreeRTOS_Library\Debug\libFreeRTOS_Library.a(list.o)
 .debug_macinfo
                0x0006313a     0x96a3 C:\Users\aluno\Desktop\workspace\Lib_EaBaseBoard\Debug\libLib_EaBaseBoard.a(led7seg.o)
 .debug_macinfo
                0x0006c7dd     0x8e3a C:\Users\aluno\Desktop\workspace\Lib_EaBaseBoard\Debug\libLib_EaBaseBoard.a(light.o)
 .debug_macinfo
                0x00075617     0xa143 C:\Users\aluno\Desktop\workspace\Lib_EaBaseBoard\Debug\libLib_EaBaseBoard.a(oled.o)
 .debug_macinfo
                0x0007f75a     0x854c C:\Users\aluno\Desktop\workspace\Lib_EaBaseBoard\Debug\libLib_EaBaseBoard.a(rgb.o)
 .debug_macinfo
                0x00087ca6     0x332a C:\Users\aluno\Desktop\workspace\Lib_EaBaseBoard\Debug\libLib_EaBaseBoard.a(font5x7.o)
 .debug_macinfo
                0x0008afd0     0x86b8 C:\Users\aluno\Desktop\workspace\Lib_MCU\Debug\libLib_MCU.a(lpc17xx_gpio.o)
 .debug_macinfo
                0x00093688     0xa5d8 C:\Users\aluno\Desktop\workspace\Lib_MCU\Debug\libLib_MCU.a(lpc17xx_i2c.o)
 .debug_macinfo
                0x0009dc60     0x400d C:\Users\aluno\Desktop\workspace\Lib_MCU\Debug\libLib_MCU.a(lpc17xx_libcfg_default.o)
 .debug_macinfo
                0x000a1c6d     0x87d3 C:\Users\aluno\Desktop\workspace\Lib_MCU\Debug\libLib_MCU.a(lpc17xx_pinsel.o)
 .debug_macinfo
                0x000aa440     0xa8d0 C:\Users\aluno\Desktop\workspace\Lib_MCU\Debug\libLib_MCU.a(lpc17xx_ssp.o)
 .debug_macinfo
                0x000b4d10     0xa4cd C:\Users\aluno\Desktop\workspace\Lib_MCU\Debug\libLib_MCU.a(lpc17xx_timer.o)
 .debug_macinfo
                0x000bf1dd     0x95f9 C:\Users\aluno\Desktop\workspace\Lib_MCU\Debug\libLib_MCU.a(lpc17xx_clkpwr.o)

.debug_str      0x00000000     0x2cd6
 .debug_str     0x00000000      0x1bf ./cr_startup_lpc17.o
                                0x1f9 (size before relaxing)
 .debug_str     0x000001bf      0x267 ./main.o
                                0x38a (size before relaxing)
 .debug_str     0x00000426      0x55c ./sensor.o
                                0x6d1 (size before relaxing)
 .debug_str     0x00000982      0x191 C:\Users\aluno\Desktop\workspace\CMSISv1p30_LPC17xx\Debug\libCMSISv1p30_LPC17xx.a(system_LPC17xx.o)
                                0x2a5 (size before relaxing)
 .debug_str     0x00000b13      0x16b C:\Users\aluno\Desktop\workspace\FreeRTOS_Library\Debug\libFreeRTOS_Library.a(port.o)
                                0x266 (size before relaxing)
 .debug_str     0x00000c7e       0x54 C:\Users\aluno\Desktop\workspace\FreeRTOS_Library\Debug\libFreeRTOS_Library.a(basic_io.o)
                                0x172 (size before relaxing)
 .debug_str     0x00000cd2       0x37 C:\Users\aluno\Desktop\workspace\FreeRTOS_Library\Debug\libFreeRTOS_Library.a(consoleprint.o)
                                 0xfa (size before relaxing)
 .debug_str     0x00000d09      0x3ca C:\Users\aluno\Desktop\workspace\FreeRTOS_Library\Debug\libFreeRTOS_Library.a(queue.o)
                                0x521 (size before relaxing)
 .debug_str     0x000010d3      0x616 C:\Users\aluno\Desktop\workspace\FreeRTOS_Library\Debug\libFreeRTOS_Library.a(tasks.o)
                                0x8ba (size before relaxing)
 .debug_str     0x000016e9      0x150 C:\Users\aluno\Desktop\workspace\FreeRTOS_Library\Debug\libFreeRTOS_Library.a(heap_2.o)
                                0x28d (size before relaxing)
 .debug_str     0x00001839       0x92 C:\Users\aluno\Desktop\workspace\FreeRTOS_Library\Debug\libFreeRTOS_Library.a(list.o)
                                0x254 (size before relaxing)
 .debug_str     0x000018cb       0xdc C:\Users\aluno\Desktop\workspace\Lib_EaBaseBoard\Debug\libLib_EaBaseBoard.a(led7seg.o)
                                0x1f8 (size before relaxing)
 .debug_str     0x000019a7      0x2d7 C:\Users\aluno\Desktop\workspace\Lib_EaBaseBoard\Debug\libLib_EaBaseBoard.a(light.o)
                                0x4f1 (size before relaxing)
 .debug_str     0x00001c7e      0x1b2 C:\Users\aluno\Desktop\workspace\Lib_EaBaseBoard\Debug\libLib_EaBaseBoard.a(oled.o)
                                0x3a9 (size before relaxing)
 .debug_str     0x00001e30       0x2a C:\Users\aluno\Desktop\workspace\Lib_EaBaseBoard\Debug\libLib_EaBaseBoard.a(rgb.o)
                                0x13d (size before relaxing)
 .debug_str     0x00001e5a       0x11 C:\Users\aluno\Desktop\workspace\Lib_EaBaseBoard\Debug\libLib_EaBaseBoard.a(font5x7.o)
                                 0xb4 (size before relaxing)
 .debug_str     0x00001e6b      0x36d C:\Users\aluno\Desktop\workspace\Lib_MCU\Debug\libLib_MCU.a(lpc17xx_gpio.o)
                                0x465 (size before relaxing)
 .debug_str     0x000021d8      0x2f9 C:\Users\aluno\Desktop\workspace\Lib_MCU\Debug\libLib_MCU.a(lpc17xx_i2c.o)
                                0x7fb (size before relaxing)
 .debug_str     0x000024d1       0x32 C:\Users\aluno\Desktop\workspace\Lib_MCU\Debug\libLib_MCU.a(lpc17xx_libcfg_default.o)
                                0x13e (size before relaxing)
 .debug_str     0x00002503      0x214 C:\Users\aluno\Desktop\workspace\Lib_MCU\Debug\libLib_MCU.a(lpc17xx_pinsel.o)
                                0x39a (size before relaxing)
 .debug_str     0x00002717      0x211 C:\Users\aluno\Desktop\workspace\Lib_MCU\Debug\libLib_MCU.a(lpc17xx_ssp.o)
                                0x478 (size before relaxing)
 .debug_str     0x00002928      0x295 C:\Users\aluno\Desktop\workspace\Lib_MCU\Debug\libLib_MCU.a(lpc17xx_timer.o)
                                0x5ae (size before relaxing)
 .debug_str     0x00002bbd      0x119 C:\Users\aluno\Desktop\workspace\Lib_MCU\Debug\libLib_MCU.a(lpc17xx_clkpwr.o)
                                0x396 (size before relaxing)

.comment        0x00000000       0xe0
 .comment       0x00000000       0x70 ./cr_startup_lpc17.o
                                 0x71 (size before relaxing)
 .comment       0x00000000       0x71 ./main.o
 .comment       0x00000000       0x71 ./sensor.o
 .comment       0x00000000       0x71 C:\Users\aluno\Desktop\workspace\CMSISv1p30_LPC17xx\Debug\libCMSISv1p30_LPC17xx.a(system_LPC17xx.o)
 .comment       0x00000000       0x71 C:\Users\aluno\Desktop\workspace\FreeRTOS_Library\Debug\libFreeRTOS_Library.a(port.o)
 .comment       0x00000000       0x71 C:\Users\aluno\Desktop\workspace\FreeRTOS_Library\Debug\libFreeRTOS_Library.a(basic_io.o)
 .comment       0x00000000       0x71 C:\Users\aluno\Desktop\workspace\FreeRTOS_Library\Debug\libFreeRTOS_Library.a(consoleprint.o)
 .comment       0x00000000       0x71 C:\Users\aluno\Desktop\workspace\FreeRTOS_Library\Debug\libFreeRTOS_Library.a(queue.o)
 .comment       0x00000000       0x71 C:\Users\aluno\Desktop\workspace\FreeRTOS_Library\Debug\libFreeRTOS_Library.a(tasks.o)
 .comment       0x00000000       0x71 C:\Users\aluno\Desktop\workspace\FreeRTOS_Library\Debug\libFreeRTOS_Library.a(heap_2.o)
 .comment       0x00000000       0x71 C:\Users\aluno\Desktop\workspace\FreeRTOS_Library\Debug\libFreeRTOS_Library.a(list.o)
 .comment       0x00000000       0x71 C:\Users\aluno\Desktop\workspace\Lib_EaBaseBoard\Debug\libLib_EaBaseBoard.a(led7seg.o)
 .comment       0x00000000       0x71 C:\Users\aluno\Desktop\workspace\Lib_EaBaseBoard\Debug\libLib_EaBaseBoard.a(light.o)
 .comment       0x00000000       0x71 C:\Users\aluno\Desktop\workspace\Lib_EaBaseBoard\Debug\libLib_EaBaseBoard.a(oled.o)
 .comment       0x00000000       0x71 C:\Users\aluno\Desktop\workspace\Lib_EaBaseBoard\Debug\libLib_EaBaseBoard.a(rgb.o)
 .comment       0x00000000       0x71 C:\Users\aluno\Desktop\workspace\Lib_EaBaseBoard\Debug\libLib_EaBaseBoard.a(font5x7.o)
 .comment       0x00000000       0x71 C:\Users\aluno\Desktop\workspace\Lib_MCU\Debug\libLib_MCU.a(lpc17xx_gpio.o)
 .comment       0x00000000       0x71 C:\Users\aluno\Desktop\workspace\Lib_MCU\Debug\libLib_MCU.a(lpc17xx_i2c.o)
 .comment       0x00000000       0x71 C:\Users\aluno\Desktop\workspace\Lib_MCU\Debug\libLib_MCU.a(lpc17xx_libcfg_default.o)
 .comment       0x00000000       0x71 C:\Users\aluno\Desktop\workspace\Lib_MCU\Debug\libLib_MCU.a(lpc17xx_pinsel.o)
 .comment       0x00000000       0x71 C:\Users\aluno\Desktop\workspace\Lib_MCU\Debug\libLib_MCU.a(lpc17xx_ssp.o)
 .comment       0x00000000       0x71 C:\Users\aluno\Desktop\workspace\Lib_MCU\Debug\libLib_MCU.a(lpc17xx_timer.o)
 .comment       0x00000000       0x71 C:\Users\aluno\Desktop\workspace\Lib_MCU\Debug\libLib_MCU.a(lpc17xx_clkpwr.o)
 .comment       0x00000070       0x70 c:/nxp/lpcxpresso_5.2.6_2137/lpcxpresso/tools/bin/../lib/gcc/arm-none-eabi/4.6.2/../../../../arm-none-eabi/lib/armv7-m\libcr_semihost.a(_cr__main.o)
                                 0x71 (size before relaxing)
 .comment       0x00000000       0x71 c:/nxp/lpcxpresso_5.2.6_2137/lpcxpresso/tools/bin/../lib/gcc/arm-none-eabi/4.6.2/../../../../arm-none-eabi/lib/armv7-m\libcr_c.a(memcpy.o)
 .comment       0x00000000       0x71 c:/nxp/lpcxpresso_5.2.6_2137/lpcxpresso/tools/bin/../lib/gcc/arm-none-eabi/4.6.2/../../../../arm-none-eabi/lib/armv7-m\libcr_c.a(memset.o)
 .comment       0x00000000       0x71 c:/nxp/lpcxpresso_5.2.6_2137/lpcxpresso/tools/bin/../lib/gcc/arm-none-eabi/4.6.2/../../../../arm-none-eabi/lib/armv7-m\libcr_c.a(fpprintf.o)
 .comment       0x00000000       0x71 c:/nxp/lpcxpresso_5.2.6_2137/lpcxpresso/tools/bin/../lib/gcc/arm-none-eabi/4.6.2/../../../../arm-none-eabi/lib/armv7-m\libcr_c.a(initio.o)
 .comment       0x00000000       0x71 c:/nxp/lpcxpresso_5.2.6_2137/lpcxpresso/tools/bin/../lib/gcc/arm-none-eabi/4.6.2/../../../../arm-none-eabi/lib/armv7-m\libcr_c.a(memcmp.o)
 .comment       0x00000000       0x71 c:/nxp/lpcxpresso_5.2.6_2137/lpcxpresso/tools/bin/../lib/gcc/arm-none-eabi/4.6.2/../../../../arm-none-eabi/lib/armv7-m\libcr_c.a(printf.o)
 .comment       0x00000000       0x71 c:/nxp/lpcxpresso_5.2.6_2137/lpcxpresso/tools/bin/../lib/gcc/arm-none-eabi/4.6.2/../../../../arm-none-eabi/lib/armv7-m\libcr_c.a(setvbuf.o)
 .comment       0x00000000       0x71 c:/nxp/lpcxpresso_5.2.6_2137/lpcxpresso/tools/bin/../lib/gcc/arm-none-eabi/4.6.2/../../../../arm-none-eabi/lib/armv7-m\libcr_c.a(stdio.o)
 .comment       0x00000000       0x71 c:/nxp/lpcxpresso_5.2.6_2137/lpcxpresso/tools/bin/../lib/gcc/arm-none-eabi/4.6.2/../../../../arm-none-eabi/lib/armv7-m\libcr_c.a(strcpy.o)
 .comment       0x00000000       0x71 c:/nxp/lpcxpresso_5.2.6_2137/lpcxpresso/tools/bin/../lib/gcc/arm-none-eabi/4.6.2/../../../../arm-none-eabi/lib/armv7-m\libcr_c.a(strlen.o)
 .comment       0x00000000       0x71 c:/nxp/lpcxpresso_5.2.6_2137/lpcxpresso/tools/bin/../lib/gcc/arm-none-eabi/4.6.2/../../../../arm-none-eabi/lib/armv7-m\libcr_c.a(strncpy.o)
 .comment       0x00000000       0x71 c:/nxp/lpcxpresso_5.2.6_2137/lpcxpresso/tools/bin/../lib/gcc/arm-none-eabi/4.6.2/../../../../arm-none-eabi/lib/armv7-m\libcr_c.a(__fillbuf.o)
 .comment       0x00000000       0x71 c:/nxp/lpcxpresso_5.2.6_2137/lpcxpresso/tools/bin/../lib/gcc/arm-none-eabi/4.6.2/../../../../arm-none-eabi/lib/armv7-m\libcr_c.a(_deferredlazyseek.o)
 .comment       0x00000000       0x71 c:/nxp/lpcxpresso_5.2.6_2137/lpcxpresso/tools/bin/../lib/gcc/arm-none-eabi/4.6.2/../../../../arm-none-eabi/lib/armv7-m\libcr_c.a(_fdopen.o)
 .comment       0x00000000       0x71 c:/nxp/lpcxpresso_5.2.6_2137/lpcxpresso/tools/bin/../lib/gcc/arm-none-eabi/4.6.2/../../../../arm-none-eabi/lib/armv7-m\libcr_c.a(_fflush.o)
 .comment       0x00000000       0x71 c:/nxp/lpcxpresso_5.2.6_2137/lpcxpresso/tools/bin/../lib/gcc/arm-none-eabi/4.6.2/../../../../arm-none-eabi/lib/armv7-m\libcr_c.a(_frexpl.o)
 .comment       0x00000000       0x71 c:/nxp/lpcxpresso_5.2.6_2137/lpcxpresso/tools/bin/../lib/gcc/arm-none-eabi/4.6.2/../../../../arm-none-eabi/lib/armv7-m\libcr_c.a(_ldexpl.o)
 .comment       0x00000000       0x71 c:/nxp/lpcxpresso_5.2.6_2137/lpcxpresso/tools/bin/../lib/gcc/arm-none-eabi/4.6.2/../../../../arm-none-eabi/lib/armv7-m\libcr_c.a(_writebuf.o)
 .comment       0x00000000       0x71 c:/nxp/lpcxpresso_5.2.6_2137/lpcxpresso/tools/bin/../lib/gcc/arm-none-eabi/4.6.2/../../../../arm-none-eabi/lib/armv7-m\libcr_c.a(alloc.o)
 .comment       0x00000000       0x71 c:/nxp/lpcxpresso_5.2.6_2137/lpcxpresso/tools/bin/../lib/gcc/arm-none-eabi/4.6.2/../../../../arm-none-eabi/lib/armv7-m\libcr_c.a(errno.o)
 .comment       0x00000000       0x71 c:/nxp/lpcxpresso_5.2.6_2137/lpcxpresso/tools/bin/../lib/gcc/arm-none-eabi/4.6.2/../../../../arm-none-eabi/lib/armv7-m\libcr_c.a(fclose.o)
 .comment       0x00000000       0x71 c:/nxp/lpcxpresso_5.2.6_2137/lpcxpresso/tools/bin/../lib/gcc/arm-none-eabi/4.6.2/../../../../arm-none-eabi/lib/armv7-m\libcr_c.a(fflush.o)
 .comment       0x00000000       0x71 c:/nxp/lpcxpresso_5.2.6_2137/lpcxpresso/tools/bin/../lib/gcc/arm-none-eabi/4.6.2/../../../../arm-none-eabi/lib/armv7-m\libcr_c.a(fseek.o)
 .comment       0x00000000       0x71 c:/nxp/lpcxpresso_5.2.6_2137/lpcxpresso/tools/bin/../lib/gcc/arm-none-eabi/4.6.2/../../../../arm-none-eabi/lib/armv7-m\libcr_c.a(ftell.o)
 .comment       0x00000000       0x71 c:/nxp/lpcxpresso_5.2.6_2137/lpcxpresso/tools/bin/../lib/gcc/arm-none-eabi/4.6.2/../../../../arm-none-eabi/lib/armv7-m\libcr_c.a(remove.o)
 .comment       0x00000000       0x71 c:/nxp/lpcxpresso_5.2.6_2137/lpcxpresso/tools/bin/../lib/gcc/arm-none-eabi/4.6.2/../../../../arm-none-eabi/lib/armv7-m\libcr_c.a(__init_alloc.o)
 .comment       0x00000000       0x71 c:/nxp/lpcxpresso_5.2.6_2137/lpcxpresso/tools/bin/../lib/gcc/arm-none-eabi/4.6.2/../../../../arm-none-eabi/lib/armv7-m\libcr_c.a(_do_fflush.o)
 .comment       0x00000000       0x71 c:/nxp/lpcxpresso_5.2.6_2137/lpcxpresso/tools/bin/../lib/gcc/arm-none-eabi/4.6.2/../../../../arm-none-eabi/lib/armv7-m\libcr_c.a(_hugeval.o)
 .comment       0x00000000       0x71 c:/nxp/lpcxpresso_5.2.6_2137/lpcxpresso/tools/bin/../lib/gcc/arm-none-eabi/4.6.2/armv7-m\libcr_eabihelpers.a(double.o)
 .comment       0x00000000       0x71 c:/nxp/lpcxpresso_5.2.6_2137/lpcxpresso/tools/bin/../lib/gcc/arm-none-eabi/4.6.2/../../../../arm-none-eabi/lib/armv7-m\libcr_semihost.a(_cr_sbrk.o)
 .comment       0x00000000       0x71 c:/nxp/lpcxpresso_5.2.6_2137/lpcxpresso/tools/bin/../lib/gcc/arm-none-eabi/4.6.2/../../../../arm-none-eabi/lib/armv7-m\libcr_semihost.a(_cr_check_heap.o)

.ARM.attributes
                0x00000000       0x31
 .ARM.attributes
                0x00000000       0x33 ./cr_startup_lpc17.o
 .ARM.attributes
                0x00000033       0x33 ./main.o
 .ARM.attributes
                0x00000066       0x33 ./sensor.o
 .ARM.attributes
                0x00000099       0x33 C:\Users\aluno\Desktop\workspace\CMSISv1p30_LPC17xx\Debug\libCMSISv1p30_LPC17xx.a(system_LPC17xx.o)
 .ARM.attributes
                0x000000cc       0x33 C:\Users\aluno\Desktop\workspace\FreeRTOS_Library\Debug\libFreeRTOS_Library.a(port.o)
 .ARM.attributes
                0x000000ff       0x33 C:\Users\aluno\Desktop\workspace\FreeRTOS_Library\Debug\libFreeRTOS_Library.a(basic_io.o)
 .ARM.attributes
                0x00000132       0x33 C:\Users\aluno\Desktop\workspace\FreeRTOS_Library\Debug\libFreeRTOS_Library.a(consoleprint.o)
 .ARM.attributes
                0x00000165       0x33 C:\Users\aluno\Desktop\workspace\FreeRTOS_Library\Debug\libFreeRTOS_Library.a(queue.o)
 .ARM.attributes
                0x00000198       0x33 C:\Users\aluno\Desktop\workspace\FreeRTOS_Library\Debug\libFreeRTOS_Library.a(tasks.o)
 .ARM.attributes
                0x000001cb       0x33 C:\Users\aluno\Desktop\workspace\FreeRTOS_Library\Debug\libFreeRTOS_Library.a(heap_2.o)
 .ARM.attributes
                0x000001fe       0x33 C:\Users\aluno\Desktop\workspace\FreeRTOS_Library\Debug\libFreeRTOS_Library.a(list.o)
 .ARM.attributes
                0x00000231       0x33 C:\Users\aluno\Desktop\workspace\Lib_EaBaseBoard\Debug\libLib_EaBaseBoard.a(led7seg.o)
 .ARM.attributes
                0x00000264       0x33 C:\Users\aluno\Desktop\workspace\Lib_EaBaseBoard\Debug\libLib_EaBaseBoard.a(light.o)
 .ARM.attributes
                0x00000297       0x33 C:\Users\aluno\Desktop\workspace\Lib_EaBaseBoard\Debug\libLib_EaBaseBoard.a(oled.o)
 .ARM.attributes
                0x000002ca       0x33 C:\Users\aluno\Desktop\workspace\Lib_EaBaseBoard\Debug\libLib_EaBaseBoard.a(rgb.o)
 .ARM.attributes
                0x000002fd       0x33 C:\Users\aluno\Desktop\workspace\Lib_EaBaseBoard\Debug\libLib_EaBaseBoard.a(font5x7.o)
 .ARM.attributes
                0x00000330       0x33 C:\Users\aluno\Desktop\workspace\Lib_MCU\Debug\libLib_MCU.a(lpc17xx_gpio.o)
 .ARM.attributes
                0x00000363       0x33 C:\Users\aluno\Desktop\workspace\Lib_MCU\Debug\libLib_MCU.a(lpc17xx_i2c.o)
 .ARM.attributes
                0x00000396       0x33 C:\Users\aluno\Desktop\workspace\Lib_MCU\Debug\libLib_MCU.a(lpc17xx_libcfg_default.o)
 .ARM.attributes
                0x000003c9       0x33 C:\Users\aluno\Desktop\workspace\Lib_MCU\Debug\libLib_MCU.a(lpc17xx_pinsel.o)
 .ARM.attributes
                0x000003fc       0x33 C:\Users\aluno\Desktop\workspace\Lib_MCU\Debug\libLib_MCU.a(lpc17xx_ssp.o)
 .ARM.attributes
                0x0000042f       0x33 C:\Users\aluno\Desktop\workspace\Lib_MCU\Debug\libLib_MCU.a(lpc17xx_timer.o)
 .ARM.attributes
                0x00000462       0x33 C:\Users\aluno\Desktop\workspace\Lib_MCU\Debug\libLib_MCU.a(lpc17xx_clkpwr.o)
 .ARM.attributes
                0x00000495       0x21 c:/nxp/lpcxpresso_5.2.6_2137/lpcxpresso/tools/bin/../lib/gcc/arm-none-eabi/4.6.2/../../../../arm-none-eabi/lib/armv7-m\libcr_semihost.a(__sys_write.o)
 .ARM.attributes
                0x000004b6       0x33 c:/nxp/lpcxpresso_5.2.6_2137/lpcxpresso/tools/bin/../lib/gcc/arm-none-eabi/4.6.2/../../../../arm-none-eabi/lib/armv7-m\libcr_semihost.a(_cr__main.o)
 .ARM.attributes
                0x000004e9       0x33 c:/nxp/lpcxpresso_5.2.6_2137/lpcxpresso/tools/bin/../lib/gcc/arm-none-eabi/4.6.2/../../../../arm-none-eabi/lib/armv7-m\libcr_c.a(memcpy.o)
 .ARM.attributes
                0x0000051c       0x33 c:/nxp/lpcxpresso_5.2.6_2137/lpcxpresso/tools/bin/../lib/gcc/arm-none-eabi/4.6.2/../../../../arm-none-eabi/lib/armv7-m\libcr_c.a(memset.o)
 .ARM.attributes
                0x0000054f       0x33 c:/nxp/lpcxpresso_5.2.6_2137/lpcxpresso/tools/bin/../lib/gcc/arm-none-eabi/4.6.2/../../../../arm-none-eabi/lib/armv7-m\libcr_c.a(fpprintf.o)
 .ARM.attributes
                0x00000582       0x33 c:/nxp/lpcxpresso_5.2.6_2137/lpcxpresso/tools/bin/../lib/gcc/arm-none-eabi/4.6.2/../../../../arm-none-eabi/lib/armv7-m\libcr_c.a(initio.o)
 .ARM.attributes
                0x000005b5       0x33 c:/nxp/lpcxpresso_5.2.6_2137/lpcxpresso/tools/bin/../lib/gcc/arm-none-eabi/4.6.2/../../../../arm-none-eabi/lib/armv7-m\libcr_c.a(memcmp.o)
 .ARM.attributes
                0x000005e8       0x33 c:/nxp/lpcxpresso_5.2.6_2137/lpcxpresso/tools/bin/../lib/gcc/arm-none-eabi/4.6.2/../../../../arm-none-eabi/lib/armv7-m\libcr_c.a(printf.o)
 .ARM.attributes
                0x0000061b       0x33 c:/nxp/lpcxpresso_5.2.6_2137/lpcxpresso/tools/bin/../lib/gcc/arm-none-eabi/4.6.2/../../../../arm-none-eabi/lib/armv7-m\libcr_c.a(setvbuf.o)
 .ARM.attributes
                0x0000064e       0x33 c:/nxp/lpcxpresso_5.2.6_2137/lpcxpresso/tools/bin/../lib/gcc/arm-none-eabi/4.6.2/../../../../arm-none-eabi/lib/armv7-m\libcr_c.a(stdio.o)
 .ARM.attributes
                0x00000681       0x33 c:/nxp/lpcxpresso_5.2.6_2137/lpcxpresso/tools/bin/../lib/gcc/arm-none-eabi/4.6.2/../../../../arm-none-eabi/lib/armv7-m\libcr_c.a(strcpy.o)
 .ARM.attributes
                0x000006b4       0x33 c:/nxp/lpcxpresso_5.2.6_2137/lpcxpresso/tools/bin/../lib/gcc/arm-none-eabi/4.6.2/../../../../arm-none-eabi/lib/armv7-m\libcr_c.a(strlen.o)
 .ARM.attributes
                0x000006e7       0x33 c:/nxp/lpcxpresso_5.2.6_2137/lpcxpresso/tools/bin/../lib/gcc/arm-none-eabi/4.6.2/../../../../arm-none-eabi/lib/armv7-m\libcr_c.a(strncpy.o)
 .ARM.attributes
                0x0000071a       0x33 c:/nxp/lpcxpresso_5.2.6_2137/lpcxpresso/tools/bin/../lib/gcc/arm-none-eabi/4.6.2/../../../../arm-none-eabi/lib/armv7-m\libcr_c.a(__fillbuf.o)
 .ARM.attributes
                0x0000074d       0x33 c:/nxp/lpcxpresso_5.2.6_2137/lpcxpresso/tools/bin/../lib/gcc/arm-none-eabi/4.6.2/../../../../arm-none-eabi/lib/armv7-m\libcr_c.a(_deferredlazyseek.o)
 .ARM.attributes
                0x00000780       0x33 c:/nxp/lpcxpresso_5.2.6_2137/lpcxpresso/tools/bin/../lib/gcc/arm-none-eabi/4.6.2/../../../../arm-none-eabi/lib/armv7-m\libcr_c.a(_fdopen.o)
 .ARM.attributes
                0x000007b3       0x33 c:/nxp/lpcxpresso_5.2.6_2137/lpcxpresso/tools/bin/../lib/gcc/arm-none-eabi/4.6.2/../../../../arm-none-eabi/lib/armv7-m\libcr_c.a(_fflush.o)
 .ARM.attributes
                0x000007e6       0x33 c:/nxp/lpcxpresso_5.2.6_2137/lpcxpresso/tools/bin/../lib/gcc/arm-none-eabi/4.6.2/../../../../arm-none-eabi/lib/armv7-m\libcr_c.a(_frexpl.o)
 .ARM.attributes
                0x00000819       0x33 c:/nxp/lpcxpresso_5.2.6_2137/lpcxpresso/tools/bin/../lib/gcc/arm-none-eabi/4.6.2/../../../../arm-none-eabi/lib/armv7-m\libcr_c.a(_ldexpl.o)
 .ARM.attributes
                0x0000084c       0x33 c:/nxp/lpcxpresso_5.2.6_2137/lpcxpresso/tools/bin/../lib/gcc/arm-none-eabi/4.6.2/../../../../arm-none-eabi/lib/armv7-m\libcr_c.a(_writebuf.o)
 .ARM.attributes
                0x0000087f       0x33 c:/nxp/lpcxpresso_5.2.6_2137/lpcxpresso/tools/bin/../lib/gcc/arm-none-eabi/4.6.2/../../../../arm-none-eabi/lib/armv7-m\libcr_c.a(alloc.o)
 .ARM.attributes
                0x000008b2       0x33 c:/nxp/lpcxpresso_5.2.6_2137/lpcxpresso/tools/bin/../lib/gcc/arm-none-eabi/4.6.2/../../../../arm-none-eabi/lib/armv7-m\libcr_c.a(errno.o)
 .ARM.attributes
                0x000008e5       0x33 c:/nxp/lpcxpresso_5.2.6_2137/lpcxpresso/tools/bin/../lib/gcc/arm-none-eabi/4.6.2/../../../../arm-none-eabi/lib/armv7-m\libcr_c.a(fclose.o)
 .ARM.attributes
                0x00000918       0x33 c:/nxp/lpcxpresso_5.2.6_2137/lpcxpresso/tools/bin/../lib/gcc/arm-none-eabi/4.6.2/../../../../arm-none-eabi/lib/armv7-m\libcr_c.a(fflush.o)
 .ARM.attributes
                0x0000094b       0x33 c:/nxp/lpcxpresso_5.2.6_2137/lpcxpresso/tools/bin/../lib/gcc/arm-none-eabi/4.6.2/../../../../arm-none-eabi/lib/armv7-m\libcr_c.a(fseek.o)
 .ARM.attributes
                0x0000097e       0x33 c:/nxp/lpcxpresso_5.2.6_2137/lpcxpresso/tools/bin/../lib/gcc/arm-none-eabi/4.6.2/../../../../arm-none-eabi/lib/armv7-m\libcr_c.a(ftell.o)
 .ARM.attributes
                0x000009b1       0x33 c:/nxp/lpcxpresso_5.2.6_2137/lpcxpresso/tools/bin/../lib/gcc/arm-none-eabi/4.6.2/../../../../arm-none-eabi/lib/armv7-m\libcr_c.a(remove.o)
 .ARM.attributes
                0x000009e4       0x33 c:/nxp/lpcxpresso_5.2.6_2137/lpcxpresso/tools/bin/../lib/gcc/arm-none-eabi/4.6.2/../../../../arm-none-eabi/lib/armv7-m\libcr_c.a(__init_alloc.o)
 .ARM.attributes
                0x00000a17       0x33 c:/nxp/lpcxpresso_5.2.6_2137/lpcxpresso/tools/bin/../lib/gcc/arm-none-eabi/4.6.2/../../../../arm-none-eabi/lib/armv7-m\libcr_c.a(_do_fflush.o)
 .ARM.attributes
                0x00000a4a       0x33 c:/nxp/lpcxpresso_5.2.6_2137/lpcxpresso/tools/bin/../lib/gcc/arm-none-eabi/4.6.2/../../../../arm-none-eabi/lib/armv7-m\libcr_c.a(_hugeval.o)
 .ARM.attributes
                0x00000a7d       0x21 c:/nxp/lpcxpresso_5.2.6_2137/lpcxpresso/tools/bin/../lib/gcc/arm-none-eabi/4.6.2/armv7-m\libcr_eabihelpers.a(division.o)
 .ARM.attributes
                0x00000a9e       0x33 c:/nxp/lpcxpresso_5.2.6_2137/lpcxpresso/tools/bin/../lib/gcc/arm-none-eabi/4.6.2/armv7-m\libcr_eabihelpers.a(double.o)
 .ARM.attributes
                0x00000ad1       0x21 c:/nxp/lpcxpresso_5.2.6_2137/lpcxpresso/tools/bin/../lib/gcc/arm-none-eabi/4.6.2/armv7-m\libcr_eabihelpers.a(memcpy.o)
 .ARM.attributes
                0x00000af2       0x21 c:/nxp/lpcxpresso_5.2.6_2137/lpcxpresso/tools/bin/../lib/gcc/arm-none-eabi/4.6.2/../../../../arm-none-eabi/lib/armv7-m\libcr_semihost.a(__sys_appexit.o)
 .ARM.attributes
                0x00000b13       0x21 c:/nxp/lpcxpresso_5.2.6_2137/lpcxpresso/tools/bin/../lib/gcc/arm-none-eabi/4.6.2/../../../../arm-none-eabi/lib/armv7-m\libcr_semihost.a(__sys_close.o)
 .ARM.attributes
                0x00000b34       0x21 c:/nxp/lpcxpresso_5.2.6_2137/lpcxpresso/tools/bin/../lib/gcc/arm-none-eabi/4.6.2/../../../../arm-none-eabi/lib/armv7-m\libcr_semihost.a(__sys_flen.o)
 .ARM.attributes
                0x00000b55       0x21 c:/nxp/lpcxpresso_5.2.6_2137/lpcxpresso/tools/bin/../lib/gcc/arm-none-eabi/4.6.2/../../../../arm-none-eabi/lib/armv7-m\libcr_semihost.a(__sys_istty.o)
 .ARM.attributes
                0x00000b76       0x21 c:/nxp/lpcxpresso_5.2.6_2137/lpcxpresso/tools/bin/../lib/gcc/arm-none-eabi/4.6.2/../../../../arm-none-eabi/lib/armv7-m\libcr_semihost.a(__sys_read.o)
 .ARM.attributes
                0x00000b97       0x21 c:/nxp/lpcxpresso_5.2.6_2137/lpcxpresso/tools/bin/../lib/gcc/arm-none-eabi/4.6.2/../../../../arm-none-eabi/lib/armv7-m\libcr_semihost.a(__sys_readc.o)
 .ARM.attributes
                0x00000bb8       0x21 c:/nxp/lpcxpresso_5.2.6_2137/lpcxpresso/tools/bin/../lib/gcc/arm-none-eabi/4.6.2/../../../../arm-none-eabi/lib/armv7-m\libcr_semihost.a(__sys_remove.o)
 .ARM.attributes
                0x00000bd9       0x21 c:/nxp/lpcxpresso_5.2.6_2137/lpcxpresso/tools/bin/../lib/gcc/arm-none-eabi/4.6.2/../../../../arm-none-eabi/lib/armv7-m\libcr_semihost.a(__sys_rename.o)
 .ARM.attributes
                0x00000bfa       0x21 c:/nxp/lpcxpresso_5.2.6_2137/lpcxpresso/tools/bin/../lib/gcc/arm-none-eabi/4.6.2/../../../../arm-none-eabi/lib/armv7-m\libcr_semihost.a(__sys_seek.o)
 .ARM.attributes
                0x00000c1b       0x21 c:/nxp/lpcxpresso_5.2.6_2137/lpcxpresso/tools/bin/../lib/gcc/arm-none-eabi/4.6.2/../../../../arm-none-eabi/lib/armv7-m\libcr_semihost.a(__sys_tmpnam.o)
 .ARM.attributes
                0x00000c3c       0x33 c:/nxp/lpcxpresso_5.2.6_2137/lpcxpresso/tools/bin/../lib/gcc/arm-none-eabi/4.6.2/../../../../arm-none-eabi/lib/armv7-m\libcr_semihost.a(_cr_sbrk.o)
 .ARM.attributes
                0x00000c6f       0x33 c:/nxp/lpcxpresso_5.2.6_2137/lpcxpresso/tools/bin/../lib/gcc/arm-none-eabi/4.6.2/../../../../arm-none-eabi/lib/armv7-m\libcr_semihost.a(_cr_check_heap.o)

.debug_frame    0x00000000     0x1a90
 .debug_frame   0x00000000      0x120 ./cr_startup_lpc17.o
 .debug_frame   0x00000120      0x114 ./main.o
 .debug_frame   0x00000234       0xf8 ./sensor.o
 .debug_frame   0x0000032c       0x48 C:\Users\aluno\Desktop\workspace\CMSISv1p30_LPC17xx\Debug\libCMSISv1p30_LPC17xx.a(system_LPC17xx.o)
 .debug_frame   0x00000374       0xc0 C:\Users\aluno\Desktop\workspace\FreeRTOS_Library\Debug\libFreeRTOS_Library.a(port.o)
 .debug_frame   0x00000434       0x48 C:\Users\aluno\Desktop\workspace\FreeRTOS_Library\Debug\libFreeRTOS_Library.a(basic_io.o)
 .debug_frame   0x0000047c       0x28 C:\Users\aluno\Desktop\workspace\FreeRTOS_Library\Debug\libFreeRTOS_Library.a(consoleprint.o)
 .debug_frame   0x000004a4      0x19c C:\Users\aluno\Desktop\workspace\FreeRTOS_Library\Debug\libFreeRTOS_Library.a(queue.o)
 .debug_frame   0x00000640      0x2cc C:\Users\aluno\Desktop\workspace\FreeRTOS_Library\Debug\libFreeRTOS_Library.a(tasks.o)
 .debug_frame   0x0000090c       0x68 C:\Users\aluno\Desktop\workspace\FreeRTOS_Library\Debug\libFreeRTOS_Library.a(heap_2.o)
 .debug_frame   0x00000974       0x68 C:\Users\aluno\Desktop\workspace\FreeRTOS_Library\Debug\libFreeRTOS_Library.a(list.o)
 .debug_frame   0x000009dc       0x4c C:\Users\aluno\Desktop\workspace\Lib_EaBaseBoard\Debug\libLib_EaBaseBoard.a(led7seg.o)
 .debug_frame   0x00000a28      0x208 C:\Users\aluno\Desktop\workspace\Lib_EaBaseBoard\Debug\libLib_EaBaseBoard.a(light.o)
 .debug_frame   0x00000c30      0x1ec C:\Users\aluno\Desktop\workspace\Lib_EaBaseBoard\Debug\libLib_EaBaseBoard.a(oled.o)
 .debug_frame   0x00000e1c       0x4c C:\Users\aluno\Desktop\workspace\Lib_EaBaseBoard\Debug\libLib_EaBaseBoard.a(rgb.o)
 .debug_frame   0x00000e68      0x2c4 C:\Users\aluno\Desktop\workspace\Lib_MCU\Debug\libLib_MCU.a(lpc17xx_gpio.o)
 .debug_frame   0x0000112c      0x2c8 C:\Users\aluno\Desktop\workspace\Lib_MCU\Debug\libLib_MCU.a(lpc17xx_i2c.o)
 .debug_frame   0x000013f4       0x2c C:\Users\aluno\Desktop\workspace\Lib_MCU\Debug\libLib_MCU.a(lpc17xx_libcfg_default.o)
 .debug_frame   0x00001420       0xbc C:\Users\aluno\Desktop\workspace\Lib_MCU\Debug\libLib_MCU.a(lpc17xx_pinsel.o)
 .debug_frame   0x000014dc      0x280 C:\Users\aluno\Desktop\workspace\Lib_MCU\Debug\libLib_MCU.a(lpc17xx_ssp.o)
 .debug_frame   0x0000175c      0x228 C:\Users\aluno\Desktop\workspace\Lib_MCU\Debug\libLib_MCU.a(lpc17xx_timer.o)
 .debug_frame   0x00001984      0x10c C:\Users\aluno\Desktop\workspace\Lib_MCU\Debug\libLib_MCU.a(lpc17xx_clkpwr.o)
